Component: ARM Compiler 5.06 update 7 (build 960) Tool: armlink [4d3601]

==============================================================================

Section Cross References

    wb_init.o(WB_INIT) refers to __main.o(!!!main) for __main
    main.o(.text) refers to wb_config.o(.text) for sysGetExternalClock
    main.o(.text) refers to wb_uart.o(.text) for sysUartPort
    main.o(.text) refers to wb_cache.o(.text) for sysInvalidCache
    main.o(.text) refers to wb_timer.o(.text) for sysSetTimerReferenceClock
    main.o(.text) refers to wb_aic.o(.text) for sysSetLocalInterrupt
    main.o(.text) refers to n9h26_vpost_sync_lcm.o(i.vpostSyncLCMInit) for vpostSyncLCMInit
    main.o(.text) refers to main.o(.constdata) for .constdata
    main.o(.text) refers to main.o(.data) for Vpost_Frame
    wb_aic.o(.text) refers to wb_cache.o(.text) for sysGetCacheState
    wb_aic.o(.text) refers to wb_aic.o(.data) for _sys_bIsHWMode
    wb_aic.o(.data) refers to wb_aic.o(.text) for WB_Interrupt_Shell
    wb_cache.o(.text) refers to wb_mmu.o(.text) for sysInitMMUTable
    wb_cache.o(.text) refers to wb_cache.o(.emb_text) for sys_flush_and_clean_dcache
    wb_cache.o(.text) refers to wb_cache.o(.data) for _sys_IsCacheOn
    wb_config.o(.text) refers to aeabi_sdiv.o(.text_udiv) for __aeabi_uidivmod
    wb_config.o(.text) refers to rt_memcpy.o(.text) for __aeabi_memcpy
    wb_config.o(.text) refers to wb_cache.o(.text) for sysGetCacheState
    wb_config.o(.text) refers to wb_uart.o(.text) for sysprintf
    wb_config.o(.text) refers to wb_config.o(.constdata) for .constdata
    wb_config.o(.text) refers to wb_config.o(.data) for bIsCheckConstraint
    wb_config.o(.text) refers to wb_uart.o(.data) for u32UartPort
    wb_config.o(.text) refers to wb_power.o(.bss) for _tmp_buf
    wb_timer.o(.text) refers to wb_aic.o(.text) for sysInstallISR
    wb_timer.o(.text) refers to aeabi_sdiv.o(.text_udiv) for __aeabi_uidivmod
    wb_timer.o(.text) refers to wb_uart.o(.text) for sysprintf
    wb_timer.o(.text) refers to wb_timer.o(.data) for _sys_uTimer0Count
    wb_timer.o(.text) refers to wb_timer.o(.bss) for tTime0Event
    wb_uart.o(.text) refers to aeabi_sdiv.o(.text_udiv) for __aeabi_uidivmod
    wb_uart.o(.text) refers to wb_aic.o(.text) for sysInstallISR
    wb_uart.o(.text) refers to strlen.o(.text) for strlen
    wb_uart.o(.text) refers to wb_config.o(.text) for sysGetExternalClock
    wb_uart.o(.text) refers to wb_uart.o(.data) for u32UartPort
    wb_uart.o(.text) refers to wb_uart.o(.bss) for pfnUartIntHandlerTable
    n9h26_vpost_sync_lcm.o(i.SpiDataPortInput) refers to n9h26_vpost_sync_lcm.o(.data) for u32SpiData_pin
    n9h26_vpost_sync_lcm.o(i.SpiDataPortOutput) refers to n9h26_vpost_sync_lcm.o(.data) for u32SpiData_pin
    n9h26_vpost_sync_lcm.o(i.SpiRdReg) refers to n9h26_vpost_sync_lcm.o(i.SpiDelay) for SpiDelay
    n9h26_vpost_sync_lcm.o(i.SpiRdReg) refers to n9h26_vpost_sync_lcm.o(i.SpiDataPortInput) for SpiDataPortInput
    n9h26_vpost_sync_lcm.o(i.SpiRdReg) refers to wb_uart.o(.text) for sysprintf
    n9h26_vpost_sync_lcm.o(i.SpiRdReg) refers to n9h26_vpost_sync_lcm.o(.data) for u32SpiRegIndexWidth
    n9h26_vpost_sync_lcm.o(i.SpiWrReg) refers to n9h26_vpost_sync_lcm.o(i.SpiDelay) for SpiDelay
    n9h26_vpost_sync_lcm.o(i.SpiWrReg) refers to n9h26_vpost_sync_lcm.o(.data) for u32SpiRegIndexWidth
    n9h26_vpost_sync_lcm.o(i.SpiWrRegInit) refers to n9h26_vpost_sync_lcm.o(i.SpiDelay) for SpiDelay
    n9h26_vpost_sync_lcm.o(i.SpiWrRegInit) refers to n9h26_vpost_sync_lcm.o(.data) for u32SpiCs_pin
    n9h26_vpost_sync_lcm.o(i.vpostLcmConfigure) refers to n9h26_vpost_sync_lcm.o(i.SpiWrRegInit) for SpiWrRegInit
    n9h26_vpost_sync_lcm.o(i.vpostLcmConfigure) refers to wb_uart.o(.text) for sysprintf
    n9h26_vpost_sync_lcm.o(i.vpostLcmConfigure) refers to n9h26_vpost_sync_lcm.o(i.SpiDelay) for SpiDelay
    n9h26_vpost_sync_lcm.o(i.vpostLcmConfigure) refers to n9h26_vpost_sync_lcm.o(i.SpiWrReg) for SpiWrReg
    n9h26_vpost_sync_lcm.o(i.vpostLcmConfigure) refers to n9h26_vpost_sync_lcm.o(.data) for u32SpiCs_offset
    n9h26_vpost_sync_lcm.o(i.vpostLcmReadInternalReg) refers to n9h26_vpost_sync_lcm.o(i.SpiWrRegInit) for SpiWrRegInit
    n9h26_vpost_sync_lcm.o(i.vpostLcmReadInternalReg) refers to wb_uart.o(.text) for sysprintf
    n9h26_vpost_sync_lcm.o(i.vpostLcmReadInternalReg) refers to n9h26_vpost_sync_lcm.o(i.SpiRdReg) for SpiRdReg
    n9h26_vpost_sync_lcm.o(i.vpostLcmReadInternalReg) refers to n9h26_vpost_sync_lcm.o(.data) for u32SpiCs_offset
    n9h26_vpost_sync_lcm.o(i.vpostSyncLCMInit) refers to wb_config.o(.text) for sysGetExternalClock
    n9h26_vpost_sync_lcm.o(i.vpostSyncLCMInit) refers to aeabi_sdiv.o(.text_udiv) for __aeabi_uidivmod
    n9h26_vpost_sync_lcm.o(i.vpostSyncLCMInit) refers to n9h26_vpost_driver.o(i.vpostVAStopTrigger) for vpostVAStopTrigger
    n9h26_vpost_sync_lcm.o(i.vpostSyncLCMInit) refers to n9h26_vpost_sync_lcm.o(i.vpostLcmReset) for vpostLcmReset
[...]
    heap2.o(i._posix_memalign$realtime) refers to fdtree.o(i._FDTree_RemoveNode) for _FDTree_RemoveNode
    heap2.o(i._posix_memalign$realtime) refers to fdtree.o(i._FDTree_Insert) for _FDTree_Insert
    heap2.o(i._realloc$realtime) refers to rt_heap_descriptor_intlibspace.o(.text) for __rt_heap_descriptor
    heap2.o(i._realloc$realtime) refers to h1_free.o(.text) for free
    heap2.o(i._realloc$realtime) refers to h1_alloc.o(.text) for malloc
    heap2.o(i._realloc$realtime) refers to fdtree.o(i._FDTree_Delete) for _FDTree_Delete
    heap2.o(i._realloc$realtime) refers to fdtree.o(i._FDTree_Insert) for _FDTree_Insert
    heap2.o(i._realloc$realtime) refers to rt_memcpy_w.o(.text) for __aeabi_memcpy4
    heap2mt.o(i._FDIterate) refers to heap2mt.o(.conststring) for .conststring
    heap2mt.o(i.___Heap_Initialize$realtime$concurrent) refers to mutex_dummy.o(.text) for _mutex_initialize
    heap2mt.o(i.___Heap_ProvideMemory$realtime$concurrent) refers to fdtree.o(i._FDTree_Delete) for _FDTree_Delete
    heap2mt.o(i.___Heap_ProvideMemory$realtime$concurrent) refers to fdtree.o(i._FDTree_Insert) for _FDTree_Insert
    heap2mt.o(i.___Heap_Stats$realtime$concurrent) refers to heap2mt.o(i._Heap2_StatsIterate) for _Heap2_StatsIterate
    heap2mt.o(i.___Heap_Stats$realtime$concurrent) refers to aeabi_sdiv.o(.text_udiv) for __aeabi_uidivmod
    heap2mt.o(i.___Heap_Valid$realtime$concurrent) refers to heap2mt.o(i._FDIterate) for _FDIterate
    heap2mt.o(i.___Heap_Valid$realtime$concurrent) refers to heap2mt.o(.conststring) for .conststring
    heap2mt.o(i._free$realtime$concurrent) refers to rt_heap_descriptor_intlibspace.o(.text) for __rt_heap_descriptor
    heap2mt.o(i._free$realtime$concurrent) refers to fdtree.o(i._FDTree_Delete) for _FDTree_Delete
    heap2mt.o(i._free$realtime$concurrent) refers to fdtree.o(i._FDTree_Insert) for _FDTree_Insert
    heap2mt.o(i._malloc$realtime$concurrent) refers to rt_heap_descriptor_intlibspace.o(.text) for __rt_heap_descriptor
    heap2mt.o(i._malloc$realtime$concurrent) refers to fdtree.o(i._FDTree_FindFirst) for _FDTree_FindFirst
    heap2mt.o(i._malloc$realtime$concurrent) refers to init_alloc.o(.text) for __Heap_Full
    heap2mt.o(i._malloc$realtime$concurrent) refers to fdtree.o(i._FDTree_RemoveNode) for _FDTree_RemoveNode
    heap2mt.o(i._malloc$realtime$concurrent) refers to fdtree.o(i._FDTree_Insert) for _FDTree_Insert
    heap2mt.o(i._posix_memalign$realtime$concurrent) refers to rt_heap_descriptor_intlibspace.o(.text) for __rt_heap_descriptor
    heap2mt.o(i._posix_memalign$realtime$concurrent) refers to fdtree.o(i._FDTree_FindFirst) for _FDTree_FindFirst
    heap2mt.o(i._posix_memalign$realtime$concurrent) refers to init_alloc.o(.text) for __Heap_Full
    heap2mt.o(i._posix_memalign$realtime$concurrent) refers to fdtree.o(i._FDTree_RemoveNode) for _FDTree_RemoveNode
    heap2mt.o(i._posix_memalign$realtime$concurrent) refers to fdtree.o(i._FDTree_Insert) for _FDTree_Insert
    heap2mt.o(i._realloc$realtime$concurrent) refers to rt_heap_descriptor_intlibspace.o(.text) for __rt_heap_descriptor
    heap2mt.o(i._realloc$realtime$concurrent) refers to h1_free.o(.text) for free
    heap2mt.o(i._realloc$realtime$concurrent) refers to h1_alloc.o(.text) for malloc
    heap2mt.o(i._realloc$realtime$concurrent) refers to fdtree.o(i._FDTree_Delete) for _FDTree_Delete
    heap2mt.o(i._realloc$realtime$concurrent) refers to fdtree.o(i._FDTree_Insert) for _FDTree_Insert
    heap2mt.o(i._realloc$realtime$concurrent) refers to rt_memcpy_w.o(.text) for __aeabi_memcpy4
    rt_memcpy.o(.text) refers to rt_memcpy_w.o(.text) for __aeabi_memcpy4
    rt_memclr.o(.text) refers to rt_memclr_w.o(.text) for _memset_w
    aeabi_sdiv.o(.text_udiv) refers to aeabi_sdiv.o(.text) for __arm_div2
    aeabi_sdiv_div0.o(.text_udiv) refers to aeabi_sdiv_div0.o(.text) for __arm_div2
    __main.o(!!!main) refers to __rtentry.o(.ARM.Collect$$rtentry$$00000000) for __rt_entry
    __rtentry.o(.ARM.Collect$$rtentry$$00000000) refers (Special) to __rtentry2.o(.ARM.Collect$$rtentry$$0000000A) for __rt_entry_li
    __rtentry.o(.ARM.Collect$$rtentry$$00000000) refers (Special) to __rtentry2.o(.ARM.Collect$$rtentry$$0000000D) for __rt_entry_main
    __rtentry.o(.ARM.Collect$$rtentry$$00000000) refers (Special) to __rtentry2.o(.ARM.Collect$$rtentry$$0000000C) for __rt_entry_postli_1
    __rtentry.o(.ARM.Collect$$rtentry$$00000000) refers (Special) to __rtentry2.o(.ARM.Collect$$rtentry$$00000009) for __rt_entry_postsh_1
    __rtentry.o(.ARM.Collect$$rtentry$$00000000) refers (Special) to __rtentry2.o(.ARM.Collect$$rtentry$$00000002) for __rt_entry_presh_1
    __rtentry.o(.ARM.Collect$$rtentry$$00000000) refers (Special) to __rtentry4.o(.ARM.Collect$$rtentry$$00000004) for __rt_entry_sh
    aeabi_idiv0_sigfpe.o(.text) refers to rt_div0.o(.text) for __rt_div0
    rt_heap_descriptor.o(.text) refers to rt_heap_descriptor.o(.bss) for __rt_heap_descriptor_data
    rt_heap_descriptor_intlibspace.o(.text) refers to libspace.o(.bss) for __libspace_start
    init_alloc.o(.text) refers (Special) to hguard.o(.text) for __heap$guard
    init_alloc.o(.text) refers (Special) to libinit2.o(.ARM.Collect$$libinit$$00000005) for __rt_lib_init_heap_2
    init_alloc.o(.text) refers (Special) to maybetermalloc1.o(.emb_text) for _maybe_terminate_alloc
    init_alloc.o(.text) refers to heapauxa.o(.text) for __rt_heap_expand
    init_alloc.o(.text) refers to h1_extend.o(.text) for __Heap_ProvideMemory
    init_alloc.o(.text) refers to defsig_rtmem_outer.o(.text) for __rt_SIGRTMEM
    init_alloc.o(.text) refers to rt_heap_descriptor_intlibspace.o(.text) for __rt_heap_descriptor
    init_alloc.o(.text) refers to h1_init.o(.text) for __Heap_Initialize
    h1_init_mt.o(.text) refers to mutex_dummy.o(.text) for _mutex_initialize
    _get_argv.o(.text) refers (Special) to hrguard.o(.text) for __heap_region$guard
    _get_argv.o(.text) refers to h1_alloc.o(.text) for malloc
    _get_argv.o(.text) refers to defsig_rtmem_outer.o(.text) for __rt_SIGRTMEM
    _get_argv.o(.text) refers to sys_command.o(.text) for _sys_command_string
    libinit2.o(.ARM.Collect$$libinit$$00000001) refers to fpinit.o(x$fpl$fpinit) for _fp_init
    libinit2.o(.ARM.Collect$$libinit$$00000005) refers (Weak) to init_alloc.o(.text) for _init_alloc
    libinit2.o(.ARM.Collect$$libinit$$00000010) refers to libinit2.o(.ARM.Collect$$libinit$$0000000F) for .ARM.Collect$$libinit$$0000000F
    libinit2.o(.ARM.Collect$$libinit$$00000012) refers to libinit2.o(.ARM.Collect$$libinit$$0000000F) for .ARM.Collect$$libinit$$0000000F
    libinit2.o(.ARM.Collect$$libinit$$00000014) refers to libinit2.o(.ARM.Collect$$libinit$$0000000F) for .ARM.Collect$$libinit$$0000000F
    libinit2.o(.ARM.Collect$$libinit$$00000016) refers to libinit2.o(.ARM.Collect$$libinit$$0000000F) for .ARM.Collect$$libinit$$0000000F
    libinit2.o(.ARM.Collect$$libinit$$00000018) refers to libinit2.o(.ARM.Collect$$libinit$$0000000F) for .ARM.Collect$$libinit$$0000000F
    libinit2.o(.ARM.Collect$$libinit$$00000026) refers to argv_veneer.o(.emb_text) for __ARM_argv_veneer
    libinit2.o(.ARM.Collect$$libinit$$00000027) refers to argv_veneer.o(.emb_text) for __ARM_argv_veneer
    sys_command.o(.text) refers (Special) to use_no_semi.o(.text) for __I$use$semihosting
    sys_command.o(.text) refers (Special) to indicate_semi.o(.text) for __semihosting_library_function
    libspace.o(.text) refers to libspace.o(.bss) for __libspace_start
    __rtentry2.o(.ARM.Collect$$rtentry$$00000008) refers to boardinit2.o(.text) for _platform_post_stackheap_init
    __rtentry2.o(.ARM.Collect$$rtentry$$0000000A) refers to libinit.o(.ARM.Collect$$libinit$$00000000) for __rt_lib_init
    __rtentry2.o(.ARM.Collect$$rtentry$$0000000B) refers to boardinit3.o(.text) for _platform_post_lib_init
    __rtentry2.o(.ARM.Collect$$rtentry$$0000000D) refers to exit.o(.text) for exit
    __rtentry2.o(.ARM.Collect$$rtentry$$0000000D) refers to main.o(.text) for main
    __rtentry2.o(.ARM.exidx) refers to __rtentry2.o(.ARM.Collect$$rtentry$$00000001) for .ARM.Collect$$rtentry$$00000001
    __rtentry2.o(.ARM.exidx) refers to __rtentry2.o(.ARM.Collect$$rtentry$$00000008) for .ARM.Collect$$rtentry$$00000008
    __rtentry2.o(.ARM.exidx) refers to __rtentry2.o(.ARM.Collect$$rtentry$$0000000A) for .ARM.Collect$$rtentry$$0000000A
    __rtentry2.o(.ARM.exidx) refers to __rtentry2.o(.ARM.Collect$$rtentry$$0000000B) for .ARM.Collect$$rtentry$$0000000B
    __rtentry2.o(.ARM.exidx) refers to __rtentry2.o(.ARM.Collect$$rtentry$$0000000D) for .ARM.Collect$$rtentry$$0000000D
    __rtentry4.o(.ARM.Collect$$rtentry$$00000004) refers to sys_stackheap_outer.o(.text) for __user_setup_stackheap
    __rtentry4.o(.ARM.exidx) refers to __rtentry4.o(.ARM.Collect$$rtentry$$00000004) for .ARM.Collect$$rtentry$$00000004
    rt_div0.o(.text) refers to defsig_fpe_outer.o(.text) for __rt_SIGFPE
    maybetermalloc2.o(.emb_text) refers (Special) to term_alloc.o(.text) for _terminate_alloc
    h1_extend.o(.text) refers to h1_free.o(.text) for free
    h1_extend_mt.o(.text) refers to h1_free_mt.o(.text) for _free_internal
    defsig_rtmem_outer.o(.text) refers to defsig_rtmem_inner.o(.text) for __rt_SIGRTMEM_inner
    defsig_rtmem_outer.o(.text) refers to defsig_exit.o(.text) for __sig_exit
    defsig_rtmem_formal.o(.text) refers to rt_raise.o(.text) for __rt_raise
    heapauxa.o(.text) refers to heapauxa.o(.data) for .data
    argv_veneer.o(.emb_text) refers to no_argv.o(.text) for __ARM_get_argv
    sys_stackheap_outer.o(.text) refers to libspace.o(.text) for __user_perproc_libspace
    sys_stackheap_outer.o(.text) refers to standalone.o(.text) for __user_initial_stackheap
    rt_raise.o(.text) refers to __raise.o(.text) for __raise
    rt_raise.o(.text) refers to standalone.o(.text) for _sys_exit
    term_alloc.o(.text) refers (Special) to libshutdown2.o(.ARM.Collect$$libshutdown$$00000010) for __rt_lib_shutdown_heap_2
    term_alloc.o(.text) refers to rt_heap_descriptor_intlibspace.o(.text) for __rt_heap_descriptor
    exit.o(.text) refers to rtexit.o(.ARM.Collect$$rtexit$$00000000) for __rt_exit
    defsig_exit.o(.text) refers to standalone.o(.text) for _sys_exit
    defsig_fpe_outer.o(.text) refers to defsig_fpe_inner.o(.text) for __rt_SIGFPE_inner
    defsig_fpe_outer.o(.text) refers to defsig_exit.o(.text) for __sig_exit
    defsig_fpe_formal.o(.text) refers to rt_raise.o(.text) for __rt_raise
    defsig_rtmem_inner.o(.text) refers to defsig_general.o(.text) for __default_signal_display
    _get_argv_nomalloc.o(.text) refers (Special) to hrguard.o(.text) for __heap_region$guard
    _get_argv_nomalloc.o(.text) refers to defsig_rtmem_outer.o(.text) for __rt_SIGRTMEM
    _get_argv_nomalloc.o(.text) refers to sys_command.o(.text) for _sys_command_string
    libinit.o(.ARM.Collect$$libinit$$00000000) refers (Special) to libinit2.o(.ARM.Collect$$libinit$$0000002E) for __rt_lib_init_alloca_1
    libinit.o(.ARM.Collect$$libinit$$00000000) refers (Special) to libinit2.o(.ARM.Collect$$libinit$$0000002C) for __rt_lib_init_argv_1
    libinit.o(.ARM.Collect$$libinit$$00000000) refers (Special) to libinit2.o(.ARM.Collect$$libinit$$0000001B) for __rt_lib_init_atexit_1
    libinit.o(.ARM.Collect$$libinit$$00000000) refers (Special) to libinit2.o(.ARM.Collect$$libinit$$00000021) for __rt_lib_init_clock_1
    libinit.o(.ARM.Collect$$libinit$$00000000) refers (Special) to libinit2.o(.ARM.Collect$$libinit$$00000032) for __rt_lib_init_cpp_1
    libinit.o(.ARM.Collect$$libinit$$00000000) refers (Special) to libinit2.o(.ARM.Collect$$libinit$$00000030) for __rt_lib_init_exceptions_1
    libinit.o(.ARM.Collect$$libinit$$00000000) refers (Special) to libinit2.o(.ARM.Collect$$libinit$$00000002) for __rt_lib_init_fp_1
    libinit.o(.ARM.Collect$$libinit$$00000000) refers (Special) to libinit2.o(.ARM.Collect$$libinit$$0000001F) for __rt_lib_init_fp_trap_1
    libinit.o(.ARM.Collect$$libinit$$00000000) refers (Special) to libinit2.o(.ARM.Collect$$libinit$$00000023) for __rt_lib_init_getenv_1
    libinit.o(.ARM.Collect$$libinit$$00000000) refers (Special) to libinit2.o(.ARM.Collect$$libinit$$0000000A) for __rt_lib_init_heap_1
    libinit.o(.ARM.Collect$$libinit$$00000000) refers (Special) to libinit2.o(.ARM.Collect$$libinit$$00000011) for __rt_lib_init_lc_collate_1
    libinit.o(.ARM.Collect$$libinit$$00000000) refers (Special) to libinit2.o(.ARM.Collect$$libinit$$00000013) for __rt_lib_init_lc_ctype_1
    libinit.o(.ARM.Collect$$libinit$$00000000) refers (Special) to libinit2.o(.ARM.Collect$$libinit$$00000015) for __rt_lib_init_lc_monetary_1
    libinit.o(.ARM.Collect$$libinit$$00000000) refers (Special) to libinit2.o(.ARM.Collect$$libinit$$00000017) for __rt_lib_init_lc_numeric_1
    libinit.o(.ARM.Collect$$libinit$$00000000) refers (Special) to libinit2.o(.ARM.Collect$$libinit$$00000019) for __rt_lib_init_lc_time_1
    libinit.o(.ARM.Collect$$libinit$$00000000) refers (Special) to libinit2.o(.ARM.Collect$$libinit$$00000004) for __rt_lib_init_preinit_1
    libinit.o(.ARM.Collect$$libinit$$00000000) refers (Special) to libinit2.o(.ARM.Collect$$libinit$$0000000E) for __rt_lib_init_rand_1
    libinit.o(.ARM.Collect$$libinit$$00000000) refers (Special) to libinit2.o(.ARM.Collect$$libinit$$00000033) for __rt_lib_init_return
    libinit.o(.ARM.Collect$$libinit$$00000000) refers (Special) to libinit2.o(.ARM.Collect$$libinit$$0000001D) for __rt_lib_init_signal_1
    libinit.o(.ARM.Collect$$libinit$$00000000) refers (Special) to libinit2.o(.ARM.Collect$$libinit$$00000025) for __rt_lib_init_stdio_1
    libinit.o(.ARM.Collect$$libinit$$00000000) refers (Special) to libinit2.o(.ARM.Collect$$libinit$$0000000C) for __rt_lib_init_user_alloc_1
    rtexit.o(.ARM.Collect$$rtexit$$00000000) refers (Special) to rtexit2.o(.ARM.Collect$$rtexit$$00000004) for __rt_exit_exit
    rtexit.o(.ARM.Collect$$rtexit$$00000000) refers (Special) to rtexit2.o(.ARM.Collect$$rtexit$$00000003) for __rt_exit_ls
    rtexit.o(.ARM.Collect$$rtexit$$00000000) refers (Special) to rtexit2.o(.ARM.Collect$$rtexit$$00000002) for __rt_exit_prels_1
    rtexit.o(.ARM.exidx) refers (Special) to rtexit2.o(.ARM.Collect$$rtexit$$00000004) for __rt_exit_exit
    rtexit.o(.ARM.exidx) refers (Special) to rtexit2.o(.ARM.Collect$$rtexit$$00000003) for __rt_exit_ls
    rtexit.o(.ARM.exidx) refers (Special) to rtexit2.o(.ARM.Collect$$rtexit$$00000002) for __rt_exit_prels_1
    rtexit.o(.ARM.exidx) refers to rtexit.o(.ARM.Collect$$rtexit$$00000000) for .ARM.Collect$$rtexit$$00000000
    __raise.o(.text) refers to defsig.o(CL$$defsig) for __default_signal_handler
    defsig_general.o(.text) refers to standalone.o(.text) for _ttywrch
    defsig_fpe_inner.o(.text) refers to defsig_general.o(.text) for __default_signal_display
    libshutdown2.o(.ARM.Collect$$libshutdown$$0000000F) refers (Weak) to term_alloc.o(.text) for _terminate_alloc
    rtexit2.o(.ARM.Collect$$rtexit$$00000003) refers to libshutdown.o(.ARM.Collect$$libshutdown$$00000000) for __rt_lib_shutdown
    rtexit2.o(.ARM.Collect$$rtexit$$00000004) refers to standalone.o(.text) for _sys_exit
    rtexit2.o(.ARM.exidx) refers to rtexit2.o(.ARM.Collect$$rtexit$$00000001) for .ARM.Collect$$rtexit$$00000001
    rtexit2.o(.ARM.exidx) refers to rtexit2.o(.ARM.Collect$$rtexit$$00000003) for .ARM.Collect$$rtexit$$00000003
    rtexit2.o(.ARM.exidx) refers to rtexit2.o(.ARM.Collect$$rtexit$$00000004) for .ARM.Collect$$rtexit$$00000004
    defsig.o(CL$$defsig) refers to defsig_fpe_inner.o(.text) for __rt_SIGFPE_inner
    defsig.o(CL$$defsig) refers to defsig_rtmem_inner.o(.text) for __rt_SIGRTMEM_inner
    defsig_abrt_inner.o(.text) refers to defsig_general.o(.text) for __default_signal_display
    defsig_rtred_inner.o(.text) refers to defsig_general.o(.text) for __default_signal_display
    defsig_stak_inner.o(.text) refers to defsig_general.o(.text) for __default_signal_display
    defsig_pvfn_inner.o(.text) refers to defsig_general.o(.text) for __default_signal_display
    defsig_cppl_inner.o(.text) refers to defsig_general.o(.text) for __default_signal_display
    defsig_segv_inner.o(.text) refers to defsig_general.o(.text) for __default_signal_display
    defsig_other.o(.text) refers to defsig_general.o(.text) for __default_signal_display
    libshutdown.o(.ARM.Collect$$libshutdown$$00000000) refers (Special) to libshutdown2.o(.ARM.Collect$$libshutdown$$00000004) for __rt_lib_shutdown_cpp_1
    libshutdown.o(.ARM.Collect$$libshutdown$$00000000) refers (Special) to libshutdown2.o(.ARM.Collect$$libshutdown$$00000002) for __rt_lib_shutdown_fini_1
    libshutdown.o(.ARM.Collect$$libshutdown$$00000000) refers (Special) to libshutdown2.o(.ARM.Collect$$libshutdown$$00000009) for __rt_lib_shutdown_fp_trap_1
    libshutdown.o(.ARM.Collect$$libshutdown$$00000000) refers (Special) to libshutdown2.o(.ARM.Collect$$libshutdown$$00000011) for __rt_lib_shutdown_heap_1
    libshutdown.o(.ARM.Collect$$libshutdown$$00000000) refers (Special) to libshutdown2.o(.ARM.Collect$$libshutdown$$00000012) for __rt_lib_shutdown_return
    libshutdown.o(.ARM.Collect$$libshutdown$$00000000) refers (Special) to libshutdown2.o(.ARM.Collect$$libshutdown$$0000000C) for __rt_lib_shutdown_signal_1
    libshutdown.o(.ARM.Collect$$libshutdown$$00000000) refers (Special) to libshutdown2.o(.ARM.Collect$$libshutdown$$00000006) for __rt_lib_shutdown_stdio_1
    libshutdown.o(.ARM.Collect$$libshutdown$$00000000) refers (Special) to libshutdown2.o(.ARM.Collect$$libshutdown$$0000000E) for __rt_lib_shutdown_user_alloc_1


==============================================================================

Removing Unused input sections from the image.

    Removing main.o(.bss), (40 bytes).
    Removing n9h26_vpost_sync_lcm.o(i.SpiDataPortInput), (252 bytes).
    Removing n9h26_vpost_sync_lcm.o(i.SpiDataPortOutput), (252 bytes).
    Removing n9h26_vpost_sync_lcm.o(i.SpiRdReg), (1012 bytes).
    Removing n9h26_vpost_sync_lcm.o(i.vpostLcmReadInternalReg), (456 bytes).
    Removing wb_power.o(.text), (1024 bytes).
    Removing n9h26_vpost_driver.o(i.shift_pointer), (72 bytes).
    Removing n9h26_vpost_driver.o(i.vpostAllocVABuffer), (160 bytes).
    Removing n9h26_vpost_driver.o(i.vpostAllocVABufferFromAP), (52 bytes).
    Removing n9h26_vpost_driver.o(i.vpostClearInt), (28 bytes).
    Removing n9h26_vpost_driver.o(i.vpostClearVABuffer), (68 bytes).
    Removing n9h26_vpost_driver.o(i.vpostDisableInt), (40 bytes).
    Removing n9h26_vpost_driver.o(i.vpostEnableInt), (36 bytes).
    Removing n9h26_vpost_driver.o(i.vpostFreeVABuffer), (68 bytes).
    Removing n9h26_vpost_driver.o(i.vpostGetVAChecksum), (236 bytes).
    Removing n9h26_vpost_driver.o(i.vpostISR), (312 bytes).
    Removing n9h26_vpost_driver.o(i.vpostInstallCallBack), (212 bytes).
    Removing n9h26_vpost_driver.o(i.vpostIsIntEnabled), (44 bytes).
    Removing n9h26_vpost_driver.o(i.vpostMPULCDReadData16Bit), (192 bytes).
    Removing n9h26_vpost_driver.o(i.vpostMPULCDWriteAddr16Bit), (200 bytes).
    Removing n9h26_vpost_driver.o(i.vpostMPULCDWriteData16Bit), (200 bytes).
    Removing n9h26_vpost_driver.o(i.vpostSetFrameBuffer_BaseAddress), (20 bytes).
    Removing n9h26_vpost_driver.o(i.vpostSetInterlaceMode), (32 bytes).
    Removing n9h26_vpost_driver.o(i.vpostSetLCDConfig), (72 bytes).
    Removing n9h26_vpost_driver.o(i.vpostSetLCDEnable), (76 bytes).
    Removing n9h26_vpost_driver.o(i.vpostSetMPULCM_BusModeSelect), (32 bytes).
    Removing n9h26_vpost_driver.o(i.vpostSetMPULCM_ImageWindow), (96 bytes).
    Removing n9h26_vpost_driver.o(i.vpostSetMPULCM_TimingConfig), (48 bytes).
    Removing n9h26_vpost_driver.o(i.vpostSetOSD_BaseAddress), (16 bytes).
    Removing n9h26_vpost_driver.o(i.vpostSetOSD_DataType), (36 bytes).
    Removing n9h26_vpost_driver.o(i.vpostSetOSD_Disable), (28 bytes).
    Removing n9h26_vpost_driver.o(i.vpostSetOSD_Enable), (28 bytes).
    Removing n9h26_vpost_driver.o(i.vpostSetOSD_FunctionConfig), (68 bytes).
    Removing n9h26_vpost_driver.o(i.vpostSetOSD_Pos), (132 bytes).
    Removing n9h26_vpost_driver.o(i.vpostSetOSD_Size), (68 bytes).
    Removing n9h26_vpost_driver.o(i.vpostSetOSD_Transparent), (100 bytes).
    Removing n9h26_vpost_driver.o(i.vpostSetOSD_Transparent_Disable), (28 bytes).
    Removing n9h26_vpost_driver.o(i.vpostSetOSD_Transparent_Enable), (28 bytes).
    Removing n9h26_vpost_driver.o(i.vpostSetScalingOutput_Size), (60 bytes).
    Removing n9h26_vpost_driver.o(i.vpostSetSerialSyncLCM_CCIR656ModeSelect), (36 bytes).
    Removing n9h26_vpost_driver.o(i.vpostSetSerialSyncLCM_ColorOrder), (60 bytes).
    Removing n9h26_vpost_driver.o(i.vpostSetSyncLCM_SignalPolarity), (156 bytes).
    Removing n9h26_vpost_driver.o(i.vpostSetTVEnableConfig), (772 bytes).
    Removing n9h26_vpost_driver.o(i.vpostSetTVSize), (32 bytes).
    Removing n9h26_vpost_driver.o(i.vpostVAStartTrigger_MPUContinue), (92 bytes).
    Removing n9h26_vpost_driver.o(i.vpostVAStartTrigger_MPUSingle), (92 bytes).
    Removing n9h26_vpost_driver.o(i.vpostVAStopTriggerMPU), (28 bytes).
    Removing n9h26_vpost_driver.o(.bss), (16 bytes).
    Removing n9h26_vpost_driver.o(.data), (4 bytes).
    Removing n9h26_vpost.o(i.LCDDelay), (60 bytes).
    Removing n9h26_vpost.o(i.vpostGetFrameBuffer), (16 bytes).
    Removing n9h26_vpost.o(i.vpostLCMDeinit), (4 bytes).
    Removing n9h26_vpost.o(i.vpostLCMInit), (8 bytes).
    Removing n9h26_vpost.o(i.vpostSetFrameBuffer), (44 bytes).
    Removing n9h26_vpost.o(.data), (8 bytes).

55 unused section(s) (total 7352 bytes) removed from the image.

==============================================================================

Image Symbol Table

    Local Symbols

    Symbol Name                              Value     Ov Type        Size  Object(Section)

    WB_INIT                                  0x00000000   Section      172  wb_init.o(WB_INIT)
    ../clib/angel/boardlib.s                 0x00000000   Number         0  boardshut.o ABSOLUTE
    ../clib/angel/boardlib.s                 0x00000000   Number         0  boardinit1.o ABSOLUTE
    ../clib/angel/boardlib.s                 0x00000000   Number         0  boardinit2.o ABSOLUTE
    ../clib/angel/boardlib.s                 0x00000000   Number         0  boardinit3.o ABSOLUTE
    ../clib/angel/dclz77c.s                  0x00000000   Number         0  __dclz77c.o ABSOLUTE
    ../clib/angel/handlers.s                 0x00000000   Number         0  __scatter_zi.o ABSOLUTE
    ../clib/angel/handlers.s                 0x00000000   Number         0  __scatter_copy.o ABSOLUTE
    ../clib/angel/kernel.s                   0x00000000   Number         0  __rtentry.o ABSOLUTE
    ../clib/angel/kernel.s                   0x00000000   Number         0  __rtentry4.o ABSOLUTE
    ../clib/angel/kernel.s                   0x00000000   Number         0  __rtentry2.o ABSOLUTE
    ../clib/angel/kernel.s                   0x00000000   Number         0  rtexit.o ABSOLUTE
    ../clib/angel/kernel.s                   0x00000000   Number         0  rtexit2.o ABSOLUTE
    ../clib/angel/rt.s                       0x00000000   Number         0  aeabi_idiv0.o ABSOLUTE
    ../clib/angel/rt.s                       0x00000000   Number         0  rt_heap_descriptor_intlibspace.o ABSOLUTE
    ../clib/angel/rt.s                       0x00000000   Number         0  rt_raise.o ABSOLUTE
    ../clib/angel/rt.s                       0x00000000   Number         0  rt_div0.o ABSOLUTE
    ../clib/angel/rt.s                       0x00000000   Number         0  rt_heap_descriptor.o ABSOLUTE
    ../clib/angel/rt.s                       0x00000000   Number         0  aeabi_idiv0_sigfpe.o ABSOLUTE
    ../clib/angel/scatter.s                  0x00000000   Number         0  __scatter.o ABSOLUTE
    ../clib/angel/startup.s                  0x00000000   Number         0  __main.o ABSOLUTE
    ../clib/angel/sys.s                      0x00000000   Number         0  mutex_dummy.o ABSOLUTE
    ../clib/angel/sys.s                      0x00000000   Number         0  libspace.o ABSOLUTE
    ../clib/angel/sys.s                      0x00000000   Number         0  indicate_semi.o ABSOLUTE
    ../clib/angel/sys.s                      0x00000000   Number         0  use_no_semi.o ABSOLUTE
    ../clib/angel/sys.s                      0x00000000   Number         0  sys_stackheap_outer.o ABSOLUTE
    ../clib/angel/sysapp.c                   0x00000000   Number         0  sys_command.o ABSOLUTE
    ../clib/armsys.c                         0x00000000   Number         0  _get_argv.o ABSOLUTE
    ../clib/armsys.c                         0x00000000   Number         0  no_argv.o ABSOLUTE
    ../clib/armsys.c                         0x00000000   Number         0  _get_argv_nomalloc.o ABSOLUTE
    ../clib/armsys.c                         0x00000000   Number         0  argv_veneer.o ABSOLUTE
    ../clib/armsys.c                         0x00000000   Number         0  argv_veneer.o ABSOLUTE
    ../clib/division.s                       0x00000000   Number         0  aeabi_sdiv_div0.o ABSOLUTE
    ../clib/division.s                       0x00000000   Number         0  aeabi_sdiv.o ABSOLUTE
    ../clib/divrt.s                          0x00000000   Number         0  divrt_9e_div0.o ABSOLUTE
    ../clib/divrt.s                          0x00000000   Number         0  divrt_9e.o ABSOLUTE
    ../clib/heap1.c                          0x00000000   Number         0  h1_extend_mt.o ABSOLUTE
    ../clib/heap1.c                          0x00000000   Number         0  h1_alloc_mt.o ABSOLUTE
    ../clib/heap1.c                          0x00000000   Number         0  h1_free_mt.o ABSOLUTE
    ../clib/heap1.c                          0x00000000   Number         0  h1_free.o ABSOLUTE
    ../clib/heap1.c                          0x00000000   Number         0  h1_extend.o ABSOLUTE
    ../clib/heap1.c                          0x00000000   Number         0  h1_final.o ABSOLUTE
    ../clib/heap1.c                          0x00000000   Number         0  h1_init_mt.o ABSOLUTE
    ../clib/heap1.c                          0x00000000   Number         0  h1_alloc.o ABSOLUTE
    ../clib/heap1.c                          0x00000000   Number         0  h1_final_mt.o ABSOLUTE
    ../clib/heap1.c                          0x00000000   Number         0  h1_init.o ABSOLUTE
    ../clib/heap2.c                          0x00000000   Number         0  heap2mt.o ABSOLUTE
    ../clib/heap2.c                          0x00000000   Number         0  heap2.o ABSOLUTE
    ../clib/heap2.c                          0x00000000   Number         0  fdtree.o ABSOLUTE
    ../clib/heapalloc.c                      0x00000000   Number         0  term_alloc.o ABSOLUTE
    ../clib/heapalloc.c                      0x00000000   Number         0  maybetermalloc2.o ABSOLUTE
    ../clib/heapalloc.c                      0x00000000   Number         0  maybetermalloc2.o ABSOLUTE
    ../clib/heapalloc.c                      0x00000000   Number         0  maybetermalloc1.o ABSOLUTE
    ../clib/heapalloc.c                      0x00000000   Number         0  hrguard.o ABSOLUTE
    ../clib/heapalloc.c                      0x00000000   Number         0  init_alloc.o ABSOLUTE
    ../clib/heapalloc.c                      0x00000000   Number         0  maybetermalloc1.o ABSOLUTE
    ../clib/heapalloc.c                      0x00000000   Number         0  malloc.o ABSOLUTE
    ../clib/heapalloc.c                      0x00000000   Number         0  free.o ABSOLUTE
    ../clib/heapalloc.c                      0x00000000   Number         0  heapstubs.o ABSOLUTE
    ../clib/heapalloc.c                      0x00000000   Number         0  hguard.o ABSOLUTE
    ../clib/heapaux.c                        0x00000000   Number         0  heapauxa.o ABSOLUTE
    ../clib/heapaux.c                        0x00000000   Number         0  heapauxi.o ABSOLUTE
    ../clib/libinit.s                        0x00000000   Number         0  libinit.o ABSOLUTE
    ../clib/libinit.s                        0x00000000   Number         0  libshutdown2.o ABSOLUTE
    ../clib/libinit.s                        0x00000000   Number         0  libinit2.o ABSOLUTE
    ../clib/libinit.s                        0x00000000   Number         0  libshutdown.o ABSOLUTE
    ../clib/memcpset.s                       0x00000000   Number         0  rt_memcpy_w.o ABSOLUTE
    ../clib/memcpset.s                       0x00000000   Number         0  rt_memclr.o ABSOLUTE
    ../clib/memcpset.s                       0x00000000   Number         0  rt_memclr_w.o ABSOLUTE
    ../clib/memcpset.s                       0x00000000   Number         0  rt_memcpy.o ABSOLUTE
    ../clib/signal.c                         0x00000000   Number         0  defsig_rtred_inner.o ABSOLUTE
    ../clib/signal.c                         0x00000000   Number         0  defsig_cppl_inner.o ABSOLUTE
    ../clib/signal.c                         0x00000000   Number         0  defsig_fpe_outer.o ABSOLUTE
    ../clib/signal.c                         0x00000000   Number         0  defsig_pvfn_inner.o ABSOLUTE
    ../clib/signal.c                         0x00000000   Number         0  defsig_stak_inner.o ABSOLUTE
    ../clib/signal.c                         0x00000000   Number         0  defsig_rtmem_inner.o ABSOLUTE
    ../clib/signal.c                         0x00000000   Number         0  defsig_abrt_inner.o ABSOLUTE
    ../clib/signal.c                         0x00000000   Number         0  defsig_segv_inner.o ABSOLUTE
    ../clib/signal.c                         0x00000000   Number         0  defsig_fpe_inner.o ABSOLUTE
    ../clib/signal.c                         0x00000000   Number         0  defsig_general.o ABSOLUTE
    ../clib/signal.c                         0x00000000   Number         0  __raise.o ABSOLUTE
    ../clib/signal.c                         0x00000000   Number         0  defsig_fpe_formal.o ABSOLUTE
    ../clib/signal.c                         0x00000000   Number         0  defsig_rtmem_formal.o ABSOLUTE
    ../clib/signal.c                         0x00000000   Number         0  defsig_rtmem_outer.o ABSOLUTE
    ../clib/signal.c                         0x00000000   Number         0  defsig_other.o ABSOLUTE
    ../clib/signal.c                         0x00000000   Number         0  defsig_exit.o ABSOLUTE
    ../clib/signal.s                         0x00000000   Number         0  defsig.o ABSOLUTE
    ../clib/stdlib.c                         0x00000000   Number         0  exit.o ABSOLUTE
    ../clib/string.c                         0x00000000   Number         0  strlen.o ABSOLUTE
    ../fplib/fpinit.s                        0x00000000   Number         0  fpinit.o ABSOLUTE
    ..\..\N9H26_VPOST.c                      0x00000000   Number         0  n9h26_vpost.o ABSOLUTE
    ..\..\N9H26_VPOST_Driver.c               0x00000000   Number         0  n9h26_vpost_driver.o ABSOLUTE
    ..\..\N9H26_VPOST_Sync_LCM.c             0x00000000   Number         0  n9h26_vpost_sync_lcm.o ABSOLUTE
    ..\\wb_cache.c                           0x00000000   Number         0  wb_cache.o ABSOLUTE
    ..\\wb_mmu.c                             0x00000000   Number         0  wb_mmu.o ABSOLUTE
    ..\main.c                                0x00000000   Number         0  main.o ABSOLUTE
    ..\standalone.c                          0x00000000   Number         0  standalone.o ABSOLUTE
    ..\wb_aic.c                              0x00000000   Number         0  wb_aic.o ABSOLUTE
    ..\wb_cache.c                            0x00000000   Number         0  wb_cache.o ABSOLUTE
    ..\wb_config.c                           0x00000000   Number         0  wb_config.o ABSOLUTE
    ..\wb_init.s                             0x00000000   Number         0  wb_init.o ABSOLUTE
    ..\wb_mmu.c                              0x00000000   Number         0  wb_mmu.o ABSOLUTE
    ..\wb_power.c                            0x00000000   Number         0  wb_power.o ABSOLUTE
    ..\wb_timer.c                            0x00000000   Number         0  wb_timer.o ABSOLUTE
    ..\wb_uart.c                             0x00000000   Number         0  wb_uart.o ABSOLUTE
    dc.s                                     0x00000000   Number         0  dc.o ABSOLUTE
    Undefined_Handler                        0x00000040   ARM Code       0  wb_init.o(WB_INIT)
    SWI_Handler1                             0x00000044   ARM Code       0  wb_init.o(WB_INIT)
    Prefetch_Handler                         0x00000048   ARM Code       0  wb_init.o(WB_INIT)
    Abort_Handler                            0x0000004c   ARM Code       0  wb_init.o(WB_INIT)
    IRQ_Handler                              0x00000050   ARM Code       0  wb_init.o(WB_INIT)
    FIQ_Handler                              0x00000054   ARM Code       0  wb_init.o(WB_INIT)
    !!!main                                  0x000000ac   Section        8  __main.o(!!!main)
    !!!scatter                               0x000000b4   Section       60  __scatter.o(!!!scatter)
    !!dclz77c                                0x000000f0   Section       96  __dclz77c.o(!!dclz77c)
    _decompress_loop                         0x000000fb   Thumb Code     0  __dclz77c.o(!!dclz77c)
    _decompress_getlen                       0x00000109   Thumb Code     0  __dclz77c.o(!!dclz77c)
    _decompress_lits                         0x00000111   Thumb Code     0  __dclz77c.o(!!dclz77c)
    _decompress_lit                          0x00000115   Thumb Code     0  __dclz77c.o(!!dclz77c)
    _decompress_setupcopy                    0x00000121   Thumb Code     0  __dclz77c.o(!!dclz77c)
    _decompress_setupcopy_shortx             0x00000137   Thumb Code     0  __dclz77c.o(!!dclz77c)
    _decompress_copy                         0x0000013d   Thumb Code     0  __dclz77c.o(!!dclz77c)
    _decompress_end                          0x00000149   Thumb Code     0  __dclz77c.o(!!dclz77c)
    !!handler_copy                           0x00000150   Section       40  __scatter_copy.o(!!handler_copy)
    !!handler_zi                             0x00000178   Section       44  __scatter_zi.o(!!handler_zi)
    .ARM.Collect$$libinit$$00000000          0x000001a4   Section        2  libinit.o(.ARM.Collect$$libinit$$00000000)
    .ARM.Collect$$libinit$$00000002          0x000001a6   Section        0  libinit2.o(.ARM.Collect$$libinit$$00000002)
    .ARM.Collect$$libinit$$00000004          0x000001a6   Section        0  libinit2.o(.ARM.Collect$$libinit$$00000004)
    .ARM.Collect$$libinit$$0000000A          0x000001a6   Section        0  libinit2.o(.ARM.Collect$$libinit$$0000000A)
    .ARM.Collect$$libinit$$0000000C          0x000001a6   Section        0  libinit2.o(.ARM.Collect$$libinit$$0000000C)
    .ARM.Collect$$libinit$$0000000E          0x000001a6   Section        0  libinit2.o(.ARM.Collect$$libinit$$0000000E)
    .ARM.Collect$$libinit$$00000011          0x000001a6   Section        0  libinit2.o(.ARM.Collect$$libinit$$00000011)
    .ARM.Collect$$libinit$$00000013          0x000001a6   Section        0  libinit2.o(.ARM.Collect$$libinit$$00000013)
    .ARM.Collect$$libinit$$00000015          0x000001a6   Section        0  libinit2.o(.ARM.Collect$$libinit$$00000015)
    .ARM.Collect$$libinit$$00000017          0x000001a6   Section        0  libinit2.o(.ARM.Collect$$libinit$$00000017)
    .ARM.Collect$$libinit$$00000019          0x000001a6   Section        0  libinit2.o(.ARM.Collect$$libinit$$00000019)
    .ARM.Collect$$libinit$$0000001B          0x000001a6   Section        0  libinit2.o(.ARM.Collect$$libinit$$0000001B)
    .ARM.Collect$$libinit$$0000001D          0x000001a6   Section        0  libinit2.o(.ARM.Collect$$libinit$$0000001D)
    .ARM.Collect$$libinit$$0000001F          0x000001a6   Section        0  libinit2.o(.ARM.Collect$$libinit$$0000001F)
    .ARM.Collect$$libinit$$00000021          0x000001a6   Section        0  libinit2.o(.ARM.Collect$$libinit$$00000021)
    .ARM.Collect$$libinit$$00000023          0x000001a6   Section        0  libinit2.o(.ARM.Collect$$libinit$$00000023)
    .ARM.Collect$$libinit$$00000025          0x000001a6   Section        0  libinit2.o(.ARM.Collect$$libinit$$00000025)
    .ARM.Collect$$libinit$$0000002C          0x000001a6   Section        0  libinit2.o(.ARM.Collect$$libinit$$0000002C)
    .ARM.Collect$$libinit$$0000002E          0x000001a6   Section        0  libinit2.o(.ARM.Collect$$libinit$$0000002E)
    .ARM.Collect$$libinit$$00000030          0x000001a6   Section        0  libinit2.o(.ARM.Collect$$libinit$$00000030)
    .ARM.Collect$$libinit$$00000032          0x000001a6   Section        0  libinit2.o(.ARM.Collect$$libinit$$00000032)
    .ARM.Collect$$libinit$$00000033          0x000001a6   Section        2  libinit2.o(.ARM.Collect$$libinit$$00000033)
    .ARM.Collect$$libshutdown$$00000000      0x000001a8   Section        2  libshutdown.o(.ARM.Collect$$libshutdown$$00000000)
    .ARM.Collect$$libshutdown$$00000002      0x000001aa   Section        0  libshutdown2.o(.ARM.Collect$$libshutdown$$00000002)
    .ARM.Collect$$libshutdown$$00000004      0x000001aa   Section        0  libshutdown2.o(.ARM.Collect$$libshutdown$$00000004)
    .ARM.Collect$$libshutdown$$00000006      0x000001aa   Section        0  libshutdown2.o(.ARM.Collect$$libshutdown$$00000006)
    .ARM.Collect$$libshutdown$$00000009      0x000001aa   Section        0  libshutdown2.o(.ARM.Collect$$libshutdown$$00000009)
    .ARM.Collect$$libshutdown$$0000000C      0x000001aa   Section        0  libshutdown2.o(.ARM.Collect$$libshutdown$$0000000C)
    .ARM.Collect$$libshutdown$$0000000E      0x000001aa   Section        0  libshutdown2.o(.ARM.Collect$$libshutdown$$0000000E)
    .ARM.Collect$$libshutdown$$00000011      0x000001aa   Section        0  libshutdown2.o(.ARM.Collect$$libshutdown$$00000011)
    .ARM.Collect$$libshutdown$$00000012      0x000001aa   Section        2  libshutdown2.o(.ARM.Collect$$libshutdown$$00000012)
    .ARM.Collect$$rtentry$$00000000          0x000001ac   Section        0  __rtentry.o(.ARM.Collect$$rtentry$$00000000)
    .ARM.Collect$$rtentry$$00000002          0x000001ac   Section        0  __rtentry2.o(.ARM.Collect$$rtentry$$00000002)
    .ARM.Collect$$rtentry$$00000004          0x000001ac   Section        8  __rtentry4.o(.ARM.Collect$$rtentry$$00000004)
    .ARM.Collect$$rtentry$$00000009          0x000001b4   Section        0  __rtentry2.o(.ARM.Collect$$rtentry$$00000009)
    .ARM.Collect$$rtentry$$0000000A          0x000001b4   Section        4  __rtentry2.o(.ARM.Collect$$rtentry$$0000000A)
    .ARM.Collect$$rtentry$$0000000C          0x000001b8   Section        0  __rtentry2.o(.ARM.Collect$$rtentry$$0000000C)
    .ARM.Collect$$rtentry$$0000000D          0x000001b8   Section       40  __rtentry2.o(.ARM.Collect$$rtentry$$0000000D)
    .ARM.Collect$$rtexit$$00000000           0x000001e0   Section        4  rtexit.o(.ARM.Collect$$rtexit$$00000000)
    .ARM.Collect$$rtexit$$00000002           0x000001e4   Section        0  rtexit2.o(.ARM.Collect$$rtexit$$00000002)
    .ARM.Collect$$rtexit$$00000003           0x000001e4   Section        4  rtexit2.o(.ARM.Collect$$rtexit$$00000003)
    .ARM.Collect$$rtexit$$00000004           0x000001e8   Section        8  rtexit2.o(.ARM.Collect$$rtexit$$00000004)
    .emb_text                                0x000001f0   Section       12  wb_cache.o(.emb_text)
    .emb_text                                0x000001fc   Section       36  wb_mmu.o(.emb_text)
    .text                                    0x00000220   Section        0  standalone.o(.text)
    .text                                    0x00000260   Section        0  main.o(.text)
    .text                                    0x00000434   Section        0  wb_aic.o(.text)
    .text                                    0x00000b54   Section        0  wb_cache.o(.text)
    .text                                    0x00000e34   Section        0  wb_config.o(.text)
    .text                                    0x00002a28   Section        0  wb_timer.o(.text)
    .text                                    0x00003ec0   Section        0  wb_uart.o(.text)
    sysSetBaudRate                           0x00004250   ARM Code      56  wb_uart.o(.text)
    sysPutRepChar                            0x0000470c   ARM Code      40  wb_uart.o(.text)
    sysPutStringReverse                      0x00004734   ARM Code      40  wb_uart.o(.text)
    sysPutNumber                             0x0000475c   ARM Code     444  wb_uart.o(.text)
    FormatItem                               0x00004918   ARM Code     540  wb_uart.o(.text)
    .text                                    0x00004dc4   Section        0  wb_mmu.o(.text)
    .text                                    0x00004e80   Section        0  strlen.o(.text)
    .text                                    0x00004ec4   Section      212  rt_memcpy.o(.text)
    .text                                    0x00004f98   Section      380  aeabi_sdiv.o(.text)
    __arm_div8                               0x00004fc4   ARM Code       0  aeabi_sdiv.o(.text)
    __arm_div5                               0x00004fe8   ARM Code       0  aeabi_sdiv.o(.text)
    __arm_div2                               0x0000500c   ARM Code       0  aeabi_sdiv.o(.text)
    __arm_div_large                          0x00005048   ARM Code       0  aeabi_sdiv.o(.text)
    .text                                    0x00005114   Section      100  rt_memcpy_w.o(.text)
    .text                                    0x00005178   Section       12  libspace.o(.text)
    .text                                    0x00005184   Section       96  sys_stackheap_outer.o(.text)
    .text                                    0x000051e4   Section        0  exit.o(.text)
    .text_udiv                               0x000051f4   Section       36  aeabi_sdiv.o(.text_udiv)
    i.SetSyncLcmDataBus                      0x00005218   Section        0  n9h26_vpost_sync_lcm.o(i.SetSyncLcmDataBus)
    i.SpiDelay                               0x00005230   Section        0  n9h26_vpost_sync_lcm.o(i.SpiDelay)
    SpiDelay                                 0x00005230   ARM Code      52  n9h26_vpost_sync_lcm.o(i.SpiDelay)
    i.SpiWrReg                               0x00005264   Section        0  n9h26_vpost_sync_lcm.o(i.SpiWrReg)
    SpiWrReg                                 0x00005264   ARM Code    1032  n9h26_vpost_sync_lcm.o(i.SpiWrReg)
    i.SpiWrRegInit                           0x00005694   Section        0  n9h26_vpost_sync_lcm.o(i.SpiWrRegInit)
    SpiWrRegInit                             0x00005694   ARM Code     880  n9h26_vpost_sync_lcm.o(i.SpiWrRegInit)
    i.vpostLcmBacklight                      0x00005a2c   Section        0  n9h26_vpost_sync_lcm.o(i.vpostLcmBacklight)
    vpostLcmBacklight                        0x00005a2c   ARM Code     428  n9h26_vpost_sync_lcm.o(i.vpostLcmBacklight)
    i.vpostLcmConfigure                      0x00005bdc   Section        0  n9h26_vpost_sync_lcm.o(i.vpostLcmConfigure)
    i.vpostLcmReset                          0x00005ddc   Section        0  n9h26_vpost_sync_lcm.o(i.vpostLcmReset)
    vpostLcmReset                            0x00005ddc   ARM Code     456  n9h26_vpost_sync_lcm.o(i.vpostLcmReset)
    i.vpostSetDataBusPin                     0x00005fa8   Section        0  n9h26_vpost_driver.o(i.vpostSetDataBusPin)
    i.vpostSetDataBusPin_noDE                0x00006194   Section        0  n9h26_vpost_driver.o(i.vpostSetDataBusPin_noDE)
    i.vpostSetDataBusPin_onlyDE              0x00006344   Section        0  n9h26_vpost_driver.o(i.vpostSetDataBusPin_onlyDE)
    i.vpostSetFrameBuffer_DataType           0x000064f4   Section        0  n9h26_vpost_driver.o(i.vpostSetFrameBuffer_DataType)
    i.vpostSetFrameBuffer_Size               0x00006518   Section        0  n9h26_vpost_driver.o(i.vpostSetFrameBuffer_Size)
    i.vpostSetLCM_ImageSource                0x00006554   Section        0  n9h26_vpost_driver.o(i.vpostSetLCM_ImageSource)
    i.vpostSetLCM_TypeSelect                 0x00006574   Section        0  n9h26_vpost_driver.o(i.vpostSetLCM_TypeSelect)
    i.vpostSetParalelSyncLCM_Interface       0x00006598   Section        0  n9h26_vpost_driver.o(i.vpostSetParalelSyncLCM_Interface)
    i.vpostSetSerialSyncLCM_Interface        0x000065bc   Section        0  n9h26_vpost_driver.o(i.vpostSetSerialSyncLCM_Interface)
    i.vpostSetSyncLCM_HTiming                0x000065e0   Section        0  n9h26_vpost_driver.o(i.vpostSetSyncLCM_HTiming)
    i.vpostSetSyncLCM_ImageWindow            0x0000661c   Section        0  n9h26_vpost_driver.o(i.vpostSetSyncLCM_ImageWindow)
    i.vpostSetSyncLCM_VTiming                0x00006678   Section        0  n9h26_vpost_driver.o(i.vpostSetSyncLCM_VTiming)
    i.vpostSetYUVEndianSelect                0x000066ac   Section        0  n9h26_vpost_driver.o(i.vpostSetYUVEndianSelect)
    i.vpostSyncLCMInit                       0x000066d0   Section        0  n9h26_vpost_sync_lcm.o(i.vpostSyncLCMInit)
    i.vpostVAStartTrigger                    0x00006afc   Section        0  n9h26_vpost_driver.o(i.vpostVAStartTrigger)
    i.vpostVAStopTrigger                     0x00006b18   Section        0  n9h26_vpost_driver.o(i.vpostVAStopTrigger)
    i.vpostsetLCM_TimingType                 0x00006b34   Section        0  n9h26_vpost_driver.o(i.vpostsetLCM_TimingType)
    .constdata                               0x00006b70   Section       24  main.o(.constdata)
    .constdata                               0x00006b88   Section       32  wb_config.o(.constdata)
    .data                                    0x00006be0   Section    1228832  main.o(.data)
    .data                                    0x00132c00   Section      388  wb_aic.o(.data)
    .data                                    0x00132d84   Section        8  wb_cache.o(.data)
    .data                                    0x00132d8c   Section       40  wb_config.o(.data)
    g_u32UpllHz                              0x00132d8c   Data           4  wb_config.o(.data)
    g_u32ApllHz                              0x00132d90   Data           4  wb_config.o(.data)
    g_u32MpllHz                              0x00132d94   Data           4  wb_config.o(.data)
    g_u32ExtClk                              0x00132d98   Data           4  wb_config.o(.data)
    g_i32REG_APLL                            0x00132da8   Data           4  wb_config.o(.data)
    g_i32REG_UPLL                            0x00132dac   Data           4  wb_config.o(.data)
    g_i32REG_MPLL                            0x00132db0   Data           4  wb_config.o(.data)
    .data                                    0x00132db4   Section      152  wb_timer.o(.data)
    month_seconds                            0x00132df8   Data          48  wb_timer.o(.data)
    .data                                    0x00132e4c   Section       36  wb_uart.o(.data)
    bIsResetFIFO                             0x00132e60   Data           1  wb_uart.o(.data)
    .data                                    0x00132e70   Section       45  n9h26_vpost_sync_lcm.o(.data)
    .data                                    0x00132e9d   Section        1  wb_mmu.o(.data)
    _IsInitMMUTable                          0x00132e9d   Data           1  wb_mmu.o(.data)
    .bss                                     0x00132ea0   Section      640  wb_timer.o(.bss)
    .bss                                     0x00133120   Section      372  wb_uart.o(.bss)
    .bss                                     0x00134000   Section    16384  wb_mmu.o(.bss)
    .bss                                     0x00138000   Section     8192  wb_power.o(.bss)
    .bss                                     0x0013a000   Section       96  libspace.o(.bss)

    Global Symbols

    Symbol Name                              Value     Ov Type        Size  Object(Section)

    BuildAttributes$$THM_ISAv2$ARM_ISAv5$E$P$J$S$PE$A:L22$X:L11$S22$IEEE1$IW$USESV6$~STKCKD$USESV7$~SHL$OTIME$ROPI$EBA8$UX$STANDARDLIB$REQ8$EABIv2 0x00000000   Number         0  anon$$obj.o ABSOLUTE
    Vector_Table                             0x00000000   ARM Code       0  wb_init.o(WB_INIT)
    __ARM_use_no_argv                        0x00000000   Number         0  main.o ABSOLUTE
    __ARM_exceptions_init                     - Undefined Weak Reference
    __alloca_initialize                       - Undefined Weak Reference
    __arm_fini_                               - Undefined Weak Reference
    __arm_preinit_                            - Undefined Weak Reference
    __cpp_initialize__aeabi_                  - Undefined Weak Reference
    __cxa_finalize                            - Undefined Weak Reference
    __rt_locale                               - Undefined Weak Reference
    __sigvec_lookup                           - Undefined Weak Reference
    __user_heap_extent                        - Undefined Weak Reference
    _atexit_init                              - Undefined Weak Reference
    _call_atexit_fns                          - Undefined Weak Reference
    _clock_init                               - Undefined Weak Reference
    _fp_trap_init                             - Undefined Weak Reference
    _fp_trap_shutdown                         - Undefined Weak Reference
    _get_lc_collate                           - Undefined Weak Reference
    _get_lc_ctype                             - Undefined Weak Reference
    _get_lc_monetary                          - Undefined Weak Reference
    _get_lc_numeric                           - Undefined Weak Reference
    _get_lc_time                              - Undefined Weak Reference
    _getenv_init                              - Undefined Weak Reference
    _handle_redirection                       - Undefined Weak Reference
    _initio                                   - Undefined Weak Reference
    _mutex_acquire                            - Undefined Weak Reference
    _mutex_free                               - Undefined Weak Reference
    _mutex_release                            - Undefined Weak Reference
    _rand_init                                - Undefined Weak Reference
    _signal_finish                            - Undefined Weak Reference
    _signal_init                              - Undefined Weak Reference
    _terminateio                              - Undefined Weak Reference
    Reset_Go                                 0x00000058   ARM Code       0  wb_init.o(WB_INIT)
    __main                                   0x000000ac   ARM Code       8  __main.o(!!!main)
    __scatterload                            0x000000b4   ARM Code       0  __scatter.o(!!!scatter)
    __scatterload_rt2                        0x000000b4   ARM Code      52  __scatter.o(!!!scatter)
    __scatterload_null                       0x000000c8   ARM Code       0  __scatter.o(!!!scatter)
    __decompress                             0x000000f0   ARM Code      96  __dclz77c.o(!!dclz77c)
    __decompress2                            0x000000f0   ARM Code       0  __dclz77c.o(!!dclz77c)
    __scatterload_copy                       0x00000150   ARM Code      40  __scatter_copy.o(!!handler_copy)
    __scatterload_zeroinit                   0x00000178   ARM Code      44  __scatter_zi.o(!!handler_zi)
    __rt_lib_init                            0x000001a5   Thumb Code     0  libinit.o(.ARM.Collect$$libinit$$00000000)
    __rt_lib_init_alloca_1                   0x000001a7   Thumb Code     0  libinit2.o(.ARM.Collect$$libinit$$0000002E)
    __rt_lib_init_argv_1                     0x000001a7   Thumb Code     0  libinit2.o(.ARM.Collect$$libinit$$0000002C)
    __rt_lib_init_atexit_1                   0x000001a7   Thumb Code     0  libinit2.o(.ARM.Collect$$libinit$$0000001B)
    __rt_lib_init_clock_1                    0x000001a7   Thumb Code     0  libinit2.o(.ARM.Collect$$libinit$$00000021)
    __rt_lib_init_cpp_1                      0x000001a7   Thumb Code     0  libinit2.o(.ARM.Collect$$libinit$$00000032)
    __rt_lib_init_exceptions_1               0x000001a7   Thumb Code     0  libinit2.o(.ARM.Collect$$libinit$$00000030)
    __rt_lib_init_fp_1                       0x000001a7   Thumb Code     0  libinit2.o(.ARM.Collect$$libinit$$00000002)
    __rt_lib_init_fp_trap_1                  0x000001a7   Thumb Code     0  libinit2.o(.ARM.Collect$$libinit$$0000001F)
    __rt_lib_init_getenv_1                   0x000001a7   Thumb Code     0  libinit2.o(.ARM.Collect$$libinit$$00000023)
    __rt_lib_init_heap_1                     0x000001a7   Thumb Code     0  libinit2.o(.ARM.Collect$$libinit$$0000000A)
    __rt_lib_init_lc_collate_1               0x000001a7   Thumb Code     0  libinit2.o(.ARM.Collect$$libinit$$00000011)
    __rt_lib_init_lc_ctype_1                 0x000001a7   Thumb Code     0  libinit2.o(.ARM.Collect$$libinit$$00000013)
    __rt_lib_init_lc_monetary_1              0x000001a7   Thumb Code     0  libinit2.o(.ARM.Collect$$libinit$$00000015)
    __rt_lib_init_lc_numeric_1               0x000001a7   Thumb Code     0  libinit2.o(.ARM.Collect$$libinit$$00000017)
    __rt_lib_init_lc_time_1                  0x000001a7   Thumb Code     0  libinit2.o(.ARM.Collect$$libinit$$00000019)
    __rt_lib_init_preinit_1                  0x000001a7   Thumb Code     0  libinit2.o(.ARM.Collect$$libinit$$00000004)
    __rt_lib_init_rand_1                     0x000001a7   Thumb Code     0  libinit2.o(.ARM.Collect$$libinit$$0000000E)
    __rt_lib_init_return                     0x000001a7   Thumb Code     0  libinit2.o(.ARM.Collect$$libinit$$00000033)
    __rt_lib_init_signal_1                   0x000001a7   Thumb Code     0  libinit2.o(.ARM.Collect$$libinit$$0000001D)
    __rt_lib_init_stdio_1                    0x000001a7   Thumb Code     0  libinit2.o(.ARM.Collect$$libinit$$00000025)
    __rt_lib_init_user_alloc_1               0x000001a7   Thumb Code     0  libinit2.o(.ARM.Collect$$libinit$$0000000C)
    __rt_lib_shutdown                        0x000001a9   Thumb Code     0  libshutdown.o(.ARM.Collect$$libshutdown$$00000000)
    __rt_lib_shutdown_cpp_1                  0x000001ab   Thumb Code     0  libshutdown2.o(.ARM.Collect$$libshutdown$$00000004)
    __rt_lib_shutdown_fini_1                 0x000001ab   Thumb Code     0  libshutdown2.o(.ARM.Collect$$libshutdown$$00000002)
    __rt_lib_shutdown_fp_trap_1              0x000001ab   Thumb Code     0  libshutdown2.o(.ARM.Collect$$libshutdown$$00000009)
    __rt_lib_shutdown_heap_1                 0x000001ab   Thumb Code     0  libshutdown2.o(.ARM.Collect$$libshutdown$$00000011)
    __rt_lib_shutdown_return                 0x000001ab   Thumb Code     0  libshutdown2.o(.ARM.Collect$$libshutdown$$00000012)
    __rt_lib_shutdown_signal_1               0x000001ab   Thumb Code     0  libshutdown2.o(.ARM.Collect$$libshutdown$$0000000C)
    __rt_lib_shutdown_stdio_1                0x000001ab   Thumb Code     0  libshutdown2.o(.ARM.Collect$$libshutdown$$00000006)
    __rt_lib_shutdown_user_alloc_1           0x000001ab   Thumb Code     0  libshutdown2.o(.ARM.Collect$$libshutdown$$0000000E)
    __rt_entry                               0x000001ac   ARM Code       0  __rtentry.o(.ARM.Collect$$rtentry$$00000000)
    __rt_entry_presh_1                       0x000001ac   ARM Code       0  __rtentry2.o(.ARM.Collect$$rtentry$$00000002)
    __rt_entry_sh                            0x000001ac   ARM Code       0  __rtentry4.o(.ARM.Collect$$rtentry$$00000004)
    __rt_entry_li                            0x000001b4   ARM Code       0  __rtentry2.o(.ARM.Collect$$rtentry$$0000000A)
    __rt_entry_postsh_1                      0x000001b4   ARM Code       0  __rtentry2.o(.ARM.Collect$$rtentry$$00000009)
    __rt_entry_main                          0x000001b8   ARM Code       0  __rtentry2.o(.ARM.Collect$$rtentry$$0000000D)
    __rt_entry_postli_1                      0x000001b8   ARM Code       0  __rtentry2.o(.ARM.Collect$$rtentry$$0000000C)
    __rt_exit                                0x000001e0   ARM Code       0  rtexit.o(.ARM.Collect$$rtexit$$00000000)
    __rt_exit_ls                             0x000001e4   ARM Code       0  rtexit2.o(.ARM.Collect$$rtexit$$00000003)
    __rt_exit_prels_1                        0x000001e4   ARM Code       0  rtexit2.o(.ARM.Collect$$rtexit$$00000002)
    __rt_exit_exit                           0x000001e8   ARM Code       0  rtexit2.o(.ARM.Collect$$rtexit$$00000004)
    sys_flush_and_clean_dcache               0x000001f0   ARM Code      12  wb_cache.o(.emb_text)
    sysSetupCP15                             0x000001fc   ARM Code      36  wb_mmu.o(.emb_text)
    _sys_exit                                0x00000220   ARM Code       8  standalone.o(.text)
    _ttywrch                                 0x00000228   ARM Code       8  standalone.o(.text)
    __user_initial_stackheap                 0x00000230   ARM Code      44  standalone.o(.text)
    initUART                                 0x00000260   ARM Code      96  main.o(.text)
    initTimer                                0x000002c0   ARM Code      60  main.o(.text)
    main                                     0x000002fc   ARM Code     248  main.o(.text)
    sysIrqHandler                            0x00000434   ARM Code     204  wb_aic.o(.text)
    sysFiqHandler                            0x00000500   ARM Code     204  wb_aic.o(.text)
    WB_Interrupt_Shell                       0x000005cc   ARM Code       4  wb_aic.o(.text)
    sysInitializeAIC                         0x000005d0   ARM Code      60  wb_aic.o(.text)
    sysDisableInterrupt                      0x0000060c   ARM Code      84  wb_aic.o(.text)
    sysEnableInterrupt                       0x00000660   ARM Code      84  wb_aic.o(.text)
    sysInstallExceptionHandler               0x000006b4   ARM Code     136  wb_aic.o(.text)
    sysInstallFiqHandler                     0x0000073c   ARM Code      20  wb_aic.o(.text)
    sysInstallIrqHandler                     0x00000750   ARM Code      20  wb_aic.o(.text)
    sysInstallISR                            0x00000764   ARM Code     328  wb_aic.o(.text)
    sysSetGlobalInterrupt                    0x000008ac   ARM Code     100  wb_aic.o(.text)
    sysSetInterruptPriorityLevel             0x00000910   ARM Code     196  wb_aic.o(.text)
    sysSetInterruptType                      0x000009d4   ARM Code     152  wb_aic.o(.text)
    sysSetLocalInterrupt                     0x00000a6c   ARM Code     140  wb_aic.o(.text)
    sysSetAIC2SWMode                         0x00000af8   ARM Code      16  wb_aic.o(.text)
    sysGetInterruptEnableStatus              0x00000b08   ARM Code      12  wb_aic.o(.text)
    sysGetInterruptHighEnableStatus          0x00000b14   ARM Code      12  wb_aic.o(.text)
    sysGetIBitState                          0x00000b20   ARM Code      28  wb_aic.o(.text)
    sysGetSdramSizebyMB                      0x00000b54   ARM Code     284  wb_cache.o(.text)
    sysEnableCache                           0x00000c70   ARM Code      44  wb_cache.o(.text)
    sysDisableCache                          0x00000c9c   ARM Code      92  wb_cache.o(.text)
    sysFlushCache                            0x00000cf8   ARM Code     112  wb_cache.o(.text)
    sysInvalidCache                          0x00000d68   ARM Code      12  wb_cache.o(.text)
    sysGetCacheState                         0x00000d74   ARM Code      12  wb_cache.o(.text)
    sysGetCacheMode                          0x00000d80   ARM Code      12  wb_cache.o(.text)
    _sysLockCode                             0x00000d8c   ARM Code     132  wb_cache.o(.text)
    _sysUnLockCode                           0x00000e10   ARM Code      20  wb_cache.o(.text)
    sysGetPLLOutputHz                        0x00000e34   ARM Code     164  wb_config.o(.text)
    sysCheckPllConstraint                    0x00000ed8   ARM Code      12  wb_config.o(.text)
    _sysGetPLLControlRegister                0x00000ee4   ARM Code     292  wb_config.o(.text)
    sysSetPLLControlRegister                 0x00001008   ARM Code      40  wb_config.o(.text)
    _sysClockSwitch                          0x00001030   ARM Code     344  wb_config.o(.text)
    _sysClockSwitchStart                     0x00001188   ARM Code     180  wb_config.o(.text)
    sysGetExternalClock                      0x0000123c   ARM Code      24  wb_config.o(.text)
    sysGetDramClock                          0x00001254   ARM Code      88  wb_config.o(.text)
    sysGetSystemClock                        0x000012ac   ARM Code     200  wb_config.o(.text)
    sysGetCPUClock                           0x00001374   ARM Code      48  wb_config.o(.text)
    sysSetSystemClock                        0x000013a4   ARM Code    1236  wb_config.o(.text)
    sysSetCPUClock                           0x00001878   ARM Code     144  wb_config.o(.text)
    sysGetHCLK1Clock                         0x00001908   ARM Code      48  wb_config.o(.text)
    sysSetAPBClock                           0x00001938   ARM Code     168  wb_config.o(.text)
    sysGetHCLK234Clock                       0x000019e0   ARM Code      44  wb_config.o(.text)
    sysGetAPBClock                           0x00001a0c   ARM Code      44  wb_config.o(.text)
    sysSetPllClock                           0x00001a38   ARM Code     400  wb_config.o(.text)
    _dramClockSwitch                         0x00001bc8   ARM Code    2920  wb_config.o(.text)
    _dramClockSwitchStart                    0x00002730   ARM Code     196  wb_config.o(.text)
    sysSetDramClock                          0x000027f4   ARM Code     408  wb_config.o(.text)
    sysTimerISR                              0x00002a28   ARM Code     856  wb_timer.o(.text)
    sysGetTicks                              0x00002d80   ARM Code     124  wb_timer.o(.text)
    sysResetTicks                            0x00002dfc   ARM Code     140  wb_timer.o(.text)
    sysUpdateTickCount                       0x00002e88   ARM Code     124  wb_timer.o(.text)
    sysSetTimerReferenceClock                0x00002f04   ARM Code     124  wb_timer.o(.text)
    sysStartTimer                            0x00002f80   ARM Code    1040  wb_timer.o(.text)
    sysStopTimer                             0x00003390   ARM Code     700  wb_timer.o(.text)
    sysClearWatchDogTimerCount               0x0000364c   ARM Code      24  wb_timer.o(.text)
    sysClearWatchDogTimerInterruptStatus     0x00003664   ARM Code      24  wb_timer.o(.text)
    sysDisableWatchDogTimer                  0x0000367c   ARM Code      24  wb_timer.o(.text)
    sysDisableWatchDogTimerReset             0x00003694   ARM Code      24  wb_timer.o(.text)
    sysEnableWatchDogTimer                   0x000036ac   ARM Code      24  wb_timer.o(.text)
    sysEnableWatchDogTimerReset              0x000036c4   ARM Code      24  wb_timer.o(.text)
    sysInstallWatchDogTimerISR               0x000036dc   ARM Code      72  wb_timer.o(.text)
    sysSetWatchDogTimerInterval              0x00003724   ARM Code      40  wb_timer.o(.text)
    sysSetTimerEvent                         0x0000374c   ARM Code     680  wb_timer.o(.text)
    sysClearTimerEvent                       0x000039f4   ARM Code     340  wb_timer.o(.text)
    sysDOS_Time_To_UTC                       0x00003b48   ARM Code     300  wb_timer.o(.text)
    sysUTC_To_DOS_Time                       0x00003c74   ARM Code     320  wb_timer.o(.text)
    sysSetLocalTime                          0x00003db4   ARM Code      64  wb_timer.o(.text)
    sysGetCurrentTime                        0x00003df4   ARM Code      68  wb_timer.o(.text)
    sysDelay                                 0x00003e38   ARM Code      92  wb_timer.o(.text)
    sysUartPort                              0x00003ec0   ARM Code     160  wb_uart.o(.text)
    sysUartInstallcallback                   0x00003f60   ARM Code      76  wb_uart.o(.text)
    sysUartISR                               0x00003fac   ARM Code     676  wb_uart.o(.text)
    sysUartEnableInt                         0x00004288   ARM Code     148  wb_uart.o(.text)
    sysInitializeUART                        0x0000431c   ARM Code     528  wb_uart.o(.text)
    _PutChar_f                               0x0000452c   ARM Code     440  wb_uart.o(.text)
    sysPutString                             0x000046e4   ARM Code      40  wb_uart.o(.text)
    sysPrintf                                0x00004b34   ARM Code     204  wb_uart.o(.text)
    sysprintf                                0x00004c00   ARM Code     284  wb_uart.o(.text)
    sysGetChar                               0x00004d1c   ARM Code      52  wb_uart.o(.text)
    sysPutChar                               0x00004d50   ARM Code      48  wb_uart.o(.text)
    sysUartTransfer                          0x00004d80   ARM Code      68  wb_uart.o(.text)
    sysSetMMUMappingMethod                   0x00004dc4   ARM Code       8  wb_mmu.o(.text)
    sysInitMMUTable                          0x00004dcc   ARM Code     164  wb_mmu.o(.text)
    strlen                                   0x00004e81   Thumb Code    62  strlen.o(.text)
    __aeabi_memcpy                           0x00004ec4   ARM Code       0  rt_memcpy.o(.text)
    __rt_memcpy                              0x00004ec4   ARM Code     212  rt_memcpy.o(.text)
    _memcpy_lastbytes                        0x00004f78   ARM Code       0  rt_memcpy.o(.text)
    __aeabi_idiv                             0x00004f98   ARM Code       0  aeabi_sdiv.o(.text)
    __aeabi_idivmod                          0x00004f98   ARM Code     380  aeabi_sdiv.o(.text)
    __aeabi_memcpy4                          0x00005114   ARM Code       0  rt_memcpy_w.o(.text)
    __aeabi_memcpy8                          0x00005114   ARM Code       0  rt_memcpy_w.o(.text)
    __rt_memcpy_w                            0x00005114   ARM Code     100  rt_memcpy_w.o(.text)
    _memcpy_lastbytes_aligned                0x00005160   ARM Code       0  rt_memcpy_w.o(.text)
    __user_libspace                          0x00005178   ARM Code      12  libspace.o(.text)
    __user_perproc_libspace                  0x00005178   ARM Code       0  libspace.o(.text)
    __user_perthread_libspace                0x00005178   ARM Code       0  libspace.o(.text)
    __user_setup_stackheap                   0x00005184   ARM Code      96  sys_stackheap_outer.o(.text)
    exit                                     0x000051e5   Thumb Code    16  exit.o(.text)
    __aeabi_uidiv                            0x000051f4   ARM Code       0  aeabi_sdiv.o(.text_udiv)
    __aeabi_uidivmod                         0x000051f4   ARM Code      36  aeabi_sdiv.o(.text_udiv)
    SetSyncLcmDataBus                        0x00005218   ARM Code      24  n9h26_vpost_sync_lcm.o(i.SetSyncLcmDataBus)
    vpostLcmConfigure                        0x00005bdc   ARM Code     372  n9h26_vpost_sync_lcm.o(i.vpostLcmConfigure)
    vpostSetDataBusPin                       0x00005fa8   ARM Code     484  n9h26_vpost_driver.o(i.vpostSetDataBusPin)
    vpostSetDataBusPin_noDE                  0x00006194   ARM Code     424  n9h26_vpost_driver.o(i.vpostSetDataBusPin_noDE)
    vpostSetDataBusPin_onlyDE                0x00006344   ARM Code     424  n9h26_vpost_driver.o(i.vpostSetDataBusPin_onlyDE)
    vpostSetFrameBuffer_DataType             0x000064f4   ARM Code      32  n9h26_vpost_driver.o(i.vpostSetFrameBuffer_DataType)
    vpostSetFrameBuffer_Size                 0x00006518   ARM Code      56  n9h26_vpost_driver.o(i.vpostSetFrameBuffer_Size)
    vpostSetLCM_ImageSource                  0x00006554   ARM Code      28  n9h26_vpost_driver.o(i.vpostSetLCM_ImageSource)
    vpostSetLCM_TypeSelect                   0x00006574   ARM Code      32  n9h26_vpost_driver.o(i.vpostSetLCM_TypeSelect)
    vpostSetParalelSyncLCM_Interface         0x00006598   ARM Code      32  n9h26_vpost_driver.o(i.vpostSetParalelSyncLCM_Interface)
    vpostSetSerialSyncLCM_Interface          0x000065bc   ARM Code      32  n9h26_vpost_driver.o(i.vpostSetSerialSyncLCM_Interface)
    vpostSetSyncLCM_HTiming                  0x000065e0   ARM Code      56  n9h26_vpost_driver.o(i.vpostSetSyncLCM_HTiming)
    vpostSetSyncLCM_ImageWindow              0x0000661c   ARM Code      88  n9h26_vpost_driver.o(i.vpostSetSyncLCM_ImageWindow)
    vpostSetSyncLCM_VTiming                  0x00006678   ARM Code      48  n9h26_vpost_driver.o(i.vpostSetSyncLCM_VTiming)
    vpostSetYUVEndianSelect                  0x000066ac   ARM Code      32  n9h26_vpost_driver.o(i.vpostSetYUVEndianSelect)
    vpostSyncLCMInit                         0x000066d0   ARM Code    1052  n9h26_vpost_sync_lcm.o(i.vpostSyncLCMInit)
    vpostVAStartTrigger                      0x00006afc   ARM Code      24  n9h26_vpost_driver.o(i.vpostVAStartTrigger)
    vpostVAStopTrigger                       0x00006b18   ARM Code      24  n9h26_vpost_driver.o(i.vpostVAStopTrigger)
    vpostsetLCM_TimingType                   0x00006b34   ARM Code      56  n9h26_vpost_driver.o(i.vpostsetLCM_TimingType)
    Region$$Table$$Base                      0x00006ba8   Number         0  anon$$obj.o(Region$$Table)
    Region$$Table$$Limit                     0x00006bd8   Number         0  anon$$obj.o(Region$$Table)
    u32SecCnt                                0x00006be0   Data           4  main.o(.data)
    Vpost_Frame                              0x00006c00   Data       1228800  main.o(.data)
    _sys_bIsAICInitial                       0x00132c00   Data           1  wb_aic.o(.data)
    _sys_bIsHWMode                           0x00132c01   Data           1  wb_aic.o(.data)
    sysIrqHandlerTable                       0x00132c04   Data         192  wb_aic.o(.data)
    sysFiqHandlerTable                       0x00132cc4   Data         192  wb_aic.o(.data)
    _sys_IsCacheOn                           0x00132d84   Data           1  wb_cache.o(.data)
    _sys_CacheMode                           0x00132d88   Data           4  wb_cache.o(.data)
    bIsFirstReadClkSkew                      0x00132d9c   Data           1  wb_config.o(.data)
    u32ClkSkewInit                           0x00132da0   Data           4  wb_config.o(.data)
    bIsCheckConstraint                       0x00132da4   Data           1  wb_config.o(.data)
    bIsAPLLInitialize                        0x00132da5   Data           1  wb_config.o(.data)
    _sys_uTimer0ClockRate                    0x00132db4   Data           4  wb_timer.o(.data)
    _sys_uTimer0Count                        0x00132db8   Data           4  wb_timer.o(.data)
    _sys_uTime0EventCount                    0x00132dbc   Data           4  wb_timer.o(.data)
    _sys_bIsSetTime0Event                    0x00132dc0   Data           1  wb_timer.o(.data)
    _sys_bIsTimer0Initial                    0x00132dc1   Data           1  wb_timer.o(.data)
    _sys_uTimer1ClockRate                    0x00132dc4   Data           4  wb_timer.o(.data)
    _sys_uTimer1Count                        0x00132dc8   Data           4  wb_timer.o(.data)
    _sys_uTime1EventCount                    0x00132dcc   Data           4  wb_timer.o(.data)
    _sys_bIsSetTime1Event                    0x00132dd0   Data           1  wb_timer.o(.data)
    _sys_bIsTimer1Initial                    0x00132dd1   Data           1  wb_timer.o(.data)
    _sys_uTimer2ClockRate                    0x00132dd4   Data           4  wb_timer.o(.data)
    _sys_uTimer2Count                        0x00132dd8   Data           4  wb_timer.o(.data)
    _sys_uTime2EventCount                    0x00132ddc   Data           4  wb_timer.o(.data)
    _sys_bIsSetTime2Event                    0x00132de0   Data           1  wb_timer.o(.data)
    _sys_bIsTimer2Initial                    0x00132de1   Data           1  wb_timer.o(.data)
    _sys_uTimer3ClockRate                    0x00132de4   Data           4  wb_timer.o(.data)
    _sys_uTimer3Count                        0x00132de8   Data           4  wb_timer.o(.data)
    _sys_uTime3EventCount                    0x00132dec   Data           4  wb_timer.o(.data)
    _sys_bIsSetTime3Event                    0x00132df0   Data           1  wb_timer.o(.data)
    _sys_bIsTimer3Initial                    0x00132df1   Data           1  wb_timer.o(.data)
    _sys_ReferenceTime_Clock                 0x00132df4   Data           4  wb_timer.o(.data)
    _sys_pvOldTimer0Vect                     0x00132e28   Data           4  wb_timer.o(.data)
    _sys_uTimer0TickPerSecond                0x00132e2c   Data           4  wb_timer.o(.data)
    _sys_pvOldTimer1Vect                     0x00132e30   Data           4  wb_timer.o(.data)
    _sys_uTimer1TickPerSecond                0x00132e34   Data           4  wb_timer.o(.data)
    _sys_pvOldTimer2Vect                     0x00132e38   Data           4  wb_timer.o(.data)
    _sys_uTimer2TickPerSecond                0x00132e3c   Data           4  wb_timer.o(.data)
    _sys_pvOldTimer3Vect                     0x00132e40   Data           4  wb_timer.o(.data)
    _sys_uTimer3TickPerSecond                0x00132e44   Data           4  wb_timer.o(.data)
    _sys_ReferenceTime_UTC                   0x00132e48   Data           4  wb_timer.o(.data)
    _sys_bIsUARTInitial                      0x00132e4c   Data           1  wb_uart.o(.data)
    _sys_bIsUseUARTInt                       0x00132e4d   Data           1  wb_uart.o(.data)
    _sys_uUARTClockRate                      0x00132e50   Data           4  wb_uart.o(.data)
    rx_cnt                                   0x00132e54   Data           4  wb_uart.o(.data)
    u32UartPort                              0x00132e58   Data           4  wb_uart.o(.data)
    i32UsedPort                              0x00132e5c   Data           4  wb_uart.o(.data)
    _sys_uUartTxHead                         0x00132e64   Data           4  wb_uart.o(.data)
    _sys_uUartTxTail                         0x00132e68   Data           4  wb_uart.o(.data)
    _sys_pvOldUartVect                       0x00132e6c   Data           4  wb_uart.o(.data)
    u32SpiCs_offset                          0x00132e70   Data           4  n9h26_vpost_sync_lcm.o(.data)
    u32SpiClk_offset                         0x00132e74   Data           4  n9h26_vpost_sync_lcm.o(.data)
    u32SpiData_offset                        0x00132e78   Data           4  n9h26_vpost_sync_lcm.o(.data)
    u32SpiCs_port                            0x00132e7c   Data           4  n9h26_vpost_sync_lcm.o(.data)
    u32SpiClk_port                           0x00132e80   Data           4  n9h26_vpost_sync_lcm.o(.data)
    u32SpiData_port                          0x00132e84   Data           4  n9h26_vpost_sync_lcm.o(.data)
    u32SpiCs_pin                             0x00132e88   Data           4  n9h26_vpost_sync_lcm.o(.data)
    u32SpiClk_pin                            0x00132e8c   Data           4  n9h26_vpost_sync_lcm.o(.data)
    u32SpiData_pin                           0x00132e90   Data           4  n9h26_vpost_sync_lcm.o(.data)
    u32SpiRegIndexWidth                      0x00132e94   Data           4  n9h26_vpost_sync_lcm.o(.data)
    u32SpiRegDataWidth                       0x00132e98   Data           4  n9h26_vpost_sync_lcm.o(.data)
    u8SpiType                                0x00132e9c   Data           1  n9h26_vpost_sync_lcm.o(.data)
    tTime0Event                              0x00132ea0   Data         160  wb_timer.o(.bss)
    tTime1Event                              0x00132f40   Data         160  wb_timer.o(.bss)
    tTime2Event                              0x00132fe0   Data         160  wb_timer.o(.bss)
    tTime3Event                              0x00133080   Data         160  wb_timer.o(.bss)
    pfnUartIntHandlerTable                   0x00133120   Data          16  wb_uart.o(.bss)
    uart_rx                                  0x00133130   Data         100  wb_uart.o(.bss)
    _sys_ucUartTxBuf                         0x00133194   Data         256  wb_uart.o(.bss)
    _mmuSectionTable                         0x00134000   Data       16384  wb_mmu.o(.bss)
    _tmp_buf                                 0x00138000   Data        8192  wb_power.o(.bss)
    __libspace_start                         0x0013a000   Data          96  libspace.o(.bss)
    Image$$ZI$$Limit                         0x0013a060   Number         0  anon$$obj.o ABSOLUTE
    __temporary_stack_top$libspace           0x0013a060   Data           0  libspace.o(.bss)



==============================================================================

Memory Map of the image

  Image Entry point : 0x00000058

  Load Region LR_IROM1 (Base: 0x00000000, Size: 0x00132ea0, Max: 0x04000000, ABSOLUTE, COMPRESSED[0x00025158])

    Execution Region ER_IROM1 (Exec base: 0x00000000, Load base: 0x00000000, Size: 0x00006bd8, Max: 0x04000000, ABSOLUTE)

    Exec Addr    Load Addr    Size         Type   Attr      Idx    E Section Name        Object

    0x00000000   0x00000000   0x000000ac   Code   RO           14  * WB_INIT             wb_init.o
    0x000000ac   0x000000ac   0x00000008   Code   RO          906  * !!!main             c_5.l(__main.o)
    0x000000b4   0x000000b4   0x0000003c   Code   RO         1123    !!!scatter          c_5.l(__scatter.o)
    0x000000f0   0x000000f0   0x00000060   Code   RO         1121    !!dclz77c           c_5.l(__dclz77c.o)
    0x00000150   0x00000150   0x00000028   Code   RO         1125    !!handler_copy      c_5.l(__scatter_copy.o)
    0x00000178   0x00000178   0x0000002c   Code   RO         1127    !!handler_zi        c_5.l(__scatter_zi.o)
    0x000001a4   0x000001a4   0x00000002   Code   RO         1062    .ARM.Collect$$libinit$$00000000  c_5.l(libinit.o)
    0x000001a6   0x000001a6   0x00000000   Code   RO          947    .ARM.Collect$$libinit$$00000002  c_5.l(libinit2.o)
    0x000001a6   0x000001a6   0x00000000   Code   RO          949    .ARM.Collect$$libinit$$00000004  c_5.l(libinit2.o)
    0x000001a6   0x000001a6   0x00000000   Code   RO          952    .ARM.Collect$$libinit$$0000000A  c_5.l(libinit2.o)
    0x000001a6   0x000001a6   0x00000000   Code   RO          954    .ARM.Collect$$libinit$$0000000C  c_5.l(libinit2.o)
    0x000001a6   0x000001a6   0x00000000   Code   RO          956    .ARM.Collect$$libinit$$0000000E  c_5.l(libinit2.o)
    0x000001a6   0x000001a6   0x00000000   Code   RO          959    .ARM.Collect$$libinit$$00000011  c_5.l(libinit2.o)
    0x000001a6   0x000001a6   0x00000000   Code   RO          961    .ARM.Collect$$libinit$$00000013  c_5.l(libinit2.o)
    0x000001a6   0x000001a6   0x00000000   Code   RO          963    .ARM.Collect$$libinit$$00000015  c_5.l(libinit2.o)
    0x000001a6   0x000001a6   0x00000000   Code   RO          965    .ARM.Collect$$libinit$$00000017  c_5.l(libinit2.o)
    0x000001a6   0x000001a6   0x00000000   Code   RO          967    .ARM.Collect$$libinit$$00000019  c_5.l(libinit2.o)
    0x000001a6   0x000001a6   0x00000000   Code   RO          969    .ARM.Collect$$libinit$$0000001B  c_5.l(libinit2.o)
    0x000001a6   0x000001a6   0x00000000   Code   RO          971    .ARM.Collect$$libinit$$0000001D  c_5.l(libinit2.o)
    0x000001a6   0x000001a6   0x00000000   Code   RO          973    .ARM.Collect$$libinit$$0000001F  c_5.l(libinit2.o)
    0x000001a6   0x000001a6   0x00000000   Code   RO          975    .ARM.Collect$$libinit$$00000021  c_5.l(libinit2.o)
    0x000001a6   0x000001a6   0x00000000   Code   RO          977    .ARM.Collect$$libinit$$00000023  c_5.l(libinit2.o)
    0x000001a6   0x000001a6   0x00000000   Code   RO          979    .ARM.Collect$$libinit$$00000025  c_5.l(libinit2.o)
    0x000001a6   0x000001a6   0x00000000   Code   RO          983    .ARM.Collect$$libinit$$0000002C  c_5.l(libinit2.o)
    0x000001a6   0x000001a6   0x00000000   Code   RO          985    .ARM.Collect$$libinit$$0000002E  c_5.l(libinit2.o)
    0x000001a6   0x000001a6   0x00000000   Code   RO          987    .ARM.Collect$$libinit$$00000030  c_5.l(libinit2.o)
    0x000001a6   0x000001a6   0x00000000   Code   RO          989    .ARM.Collect$$libinit$$00000032  c_5.l(libinit2.o)
    0x000001a6   0x000001a6   0x00000002   Code   RO          990    .ARM.Collect$$libinit$$00000033  c_5.l(libinit2.o)
    0x000001a8   0x000001a8   0x00000002   Code   RO         1118    .ARM.Collect$$libshutdown$$00000000  c_5.l(libshutdown.o)
    0x000001aa   0x000001aa   0x00000000   Code   RO         1076    .ARM.Collect$$libshutdown$$00000002  c_5.l(libshutdown2.o)
    0x000001aa   0x000001aa   0x00000000   Code   RO         1078    .ARM.Collect$$libshutdown$$00000004  c_5.l(libshutdown2.o)
    0x000001aa   0x000001aa   0x00000000   Code   RO         1080    .ARM.Collect$$libshutdown$$00000006  c_5.l(libshutdown2.o)
    0x000001aa   0x000001aa   0x00000000   Code   RO         1083    .ARM.Collect$$libshutdown$$00000009  c_5.l(libshutdown2.o)
    0x000001aa   0x000001aa   0x00000000   Code   RO         1086    .ARM.Collect$$libshutdown$$0000000C  c_5.l(libshutdown2.o)
    0x000001aa   0x000001aa   0x00000000   Code   RO         1088    .ARM.Collect$$libshutdown$$0000000E  c_5.l(libshutdown2.o)
    0x000001aa   0x000001aa   0x00000000   Code   RO         1091    .ARM.Collect$$libshutdown$$00000011  c_5.l(libshutdown2.o)
    0x000001aa   0x000001aa   0x00000002   Code   RO         1092    .ARM.Collect$$libshutdown$$00000012  c_5.l(libshutdown2.o)
    0x000001ac   0x000001ac   0x00000000   Code   RO          910    .ARM.Collect$$rtentry$$00000000  c_5.l(__rtentry.o)
    0x000001ac   0x000001ac   0x00000000   Code   RO          997    .ARM.Collect$$rtentry$$00000002  c_5.l(__rtentry2.o)
    0x000001ac   0x000001ac   0x00000008   Code   RO         1009    .ARM.Collect$$rtentry$$00000004  c_5.l(__rtentry4.o)
    0x000001b4   0x000001b4   0x00000000   Code   RO          999    .ARM.Collect$$rtentry$$00000009  c_5.l(__rtentry2.o)
    0x000001b4   0x000001b4   0x00000004   Code   RO         1000    .ARM.Collect$$rtentry$$0000000A  c_5.l(__rtentry2.o)
    0x000001b8   0x000001b8   0x00000000   Code   RO         1002    .ARM.Collect$$rtentry$$0000000C  c_5.l(__rtentry2.o)
    0x000001b8   0x000001b8   0x00000028   Code   RO         1003    .ARM.Collect$$rtentry$$0000000D  c_5.l(__rtentry2.o)
    0x000001e0   0x000001e0   0x00000004   Code   RO         1063    .ARM.Collect$$rtexit$$00000000  c_5.l(rtexit.o)
    0x000001e4   0x000001e4   0x00000000   Code   RO         1094    .ARM.Collect$$rtexit$$00000002  c_5.l(rtexit2.o)
    0x000001e4   0x000001e4   0x00000004   Code   RO         1095    .ARM.Collect$$rtexit$$00000003  c_5.l(rtexit2.o)
    0x000001e8   0x000001e8   0x00000008   Code   RO         1096    .ARM.Collect$$rtexit$$00000004  c_5.l(rtexit2.o)
    0x000001f0   0x000001f0   0x0000000c   Code   RO          222    .emb_text           N9H26_SYS.lib(wb_cache.o)
    0x000001fc   0x000001fc   0x00000024   Code   RO          388    .emb_text           N9H26_SYS.lib(wb_mmu.o)
    0x00000220   0x00000220   0x00000040   Code   RO            1    .text               standalone.o
    0x00000260   0x00000260   0x000001d4   Code   RO           18    .text               main.o
    0x00000434   0x00000434   0x00000720   Code   RO          188    .text               N9H26_SYS.lib(wb_aic.o)
    0x00000b54   0x00000b54   0x000002e0   Code   RO          223    .text               N9H26_SYS.lib(wb_cache.o)
    0x00000e34   0x00000e34   0x00001bf4   Code   RO          241    .text               N9H26_SYS.lib(wb_config.o)
    0x00002a28   0x00002a28   0x00001498   Code   RO          261    .text               N9H26_SYS.lib(wb_timer.o)
    0x00003ec0   0x00003ec0   0x00000f04   Code   RO          277    .text               N9H26_SYS.lib(wb_uart.o)
    0x00004dc4   0x00004dc4   0x000000bc   Code   RO          389    .text               N9H26_SYS.lib(wb_mmu.o)
    0x00004e80   0x00004e80   0x00000044   Code   RO          884    .text               c_5.l(strlen.o)
    0x00004ec4   0x00004ec4   0x000000d4   Code   RO          886    .text               c_5.l(rt_memcpy.o)
    0x00004f98   0x00004f98   0x0000017c   Code   RO          890    .text               c_5.l(aeabi_sdiv.o)
    0x00005114   0x00005114   0x00000064   Code   RO          940    .text               c_5.l(rt_memcpy_w.o)
    0x00005178   0x00005178   0x0000000c   Code   RO          993    .text               c_5.l(libspace.o)
    0x00005184   0x00005184   0x00000060   Code   RO         1037    .text               c_5.l(sys_stackheap_outer.o)
    0x000051e4   0x000051e4   0x00000010   Code   RO         1043    .text               c_5.l(exit.o)
    0x000051f4   0x000051f4   0x00000024   Code   RO          891    .text_udiv          c_5.l(aeabi_sdiv.o)
    0x00005218   0x00005218   0x00000018   Code   RO          297    i.SetSyncLcmDataBus  N9H26_VPOST_LCM.lib(n9h26_vpost_sync_lcm.o)
    0x00005230   0x00005230   0x00000034   Code   RO          300    i.SpiDelay          N9H26_VPOST_LCM.lib(n9h26_vpost_sync_lcm.o)
    0x00005264   0x00005264   0x00000430   Code   RO          302    i.SpiWrReg          N9H26_VPOST_LCM.lib(n9h26_vpost_sync_lcm.o)
    0x00005694   0x00005694   0x00000398   Code   RO          303    i.SpiWrRegInit      N9H26_VPOST_LCM.lib(n9h26_vpost_sync_lcm.o)
    0x00005a2c   0x00005a2c   0x000001b0   Code   RO          304    i.vpostLcmBacklight  N9H26_VPOST_LCM.lib(n9h26_vpost_sync_lcm.o)
    0x00005bdc   0x00005bdc   0x00000200   Code   RO          305    i.vpostLcmConfigure  N9H26_VPOST_LCM.lib(n9h26_vpost_sync_lcm.o)
    0x00005ddc   0x00005ddc   0x000001cc   Code   RO          307    i.vpostLcmReset     N9H26_VPOST_LCM.lib(n9h26_vpost_sync_lcm.o)
    0x00005fa8   0x00005fa8   0x000001ec   Code   RO          441    i.vpostSetDataBusPin  N9H26_VPOST_LCM.lib(n9h26_vpost_driver.o)
    0x00006194   0x00006194   0x000001b0   Code   RO          442    i.vpostSetDataBusPin_noDE  N9H26_VPOST_LCM.lib(n9h26_vpost_driver.o)
    0x00006344   0x00006344   0x000001b0   Code   RO          443    i.vpostSetDataBusPin_onlyDE  N9H26_VPOST_LCM.lib(n9h26_vpost_driver.o)
    0x000064f4   0x000064f4   0x00000024   Code   RO          445    i.vpostSetFrameBuffer_DataType  N9H26_VPOST_LCM.lib(n9h26_vpost_driver.o)
    0x00006518   0x00006518   0x0000003c   Code   RO          446    i.vpostSetFrameBuffer_Size  N9H26_VPOST_LCM.lib(n9h26_vpost_driver.o)
    0x00006554   0x00006554   0x00000020   Code   RO          450    i.vpostSetLCM_ImageSource  N9H26_VPOST_LCM.lib(n9h26_vpost_driver.o)
    0x00006574   0x00006574   0x00000024   Code   RO          451    i.vpostSetLCM_TypeSelect  N9H26_VPOST_LCM.lib(n9h26_vpost_driver.o)
    0x00006598   0x00006598   0x00000024   Code   RO          465    i.vpostSetParalelSyncLCM_Interface  N9H26_VPOST_LCM.lib(n9h26_vpost_driver.o)
    0x000065bc   0x000065bc   0x00000024   Code   RO          469    i.vpostSetSerialSyncLCM_Interface  N9H26_VPOST_LCM.lib(n9h26_vpost_driver.o)
    0x000065e0   0x000065e0   0x0000003c   Code   RO          470    i.vpostSetSyncLCM_HTiming  N9H26_VPOST_LCM.lib(n9h26_vpost_driver.o)
    0x0000661c   0x0000661c   0x0000005c   Code   RO          471    i.vpostSetSyncLCM_ImageWindow  N9H26_VPOST_LCM.lib(n9h26_vpost_driver.o)
    0x00006678   0x00006678   0x00000034   Code   RO          473    i.vpostSetSyncLCM_VTiming  N9H26_VPOST_LCM.lib(n9h26_vpost_driver.o)
    0x000066ac   0x000066ac   0x00000024   Code   RO          476    i.vpostSetYUVEndianSelect  N9H26_VPOST_LCM.lib(n9h26_vpost_driver.o)
    0x000066d0   0x000066d0   0x0000042c   Code   RO          308    i.vpostSyncLCMInit  N9H26_VPOST_LCM.lib(n9h26_vpost_sync_lcm.o)
    0x00006afc   0x00006afc   0x0000001c   Code   RO          477    i.vpostVAStartTrigger  N9H26_VPOST_LCM.lib(n9h26_vpost_driver.o)
    0x00006b18   0x00006b18   0x0000001c   Code   RO          480    i.vpostVAStopTrigger  N9H26_VPOST_LCM.lib(n9h26_vpost_driver.o)
    0x00006b34   0x00006b34   0x0000003c   Code   RO          482    i.vpostsetLCM_TimingType  N9H26_VPOST_LCM.lib(n9h26_vpost_driver.o)
    0x00006b70   0x00006b70   0x00000018   Data   RO           20    .constdata          main.o
    0x00006b88   0x00006b88   0x00000020   Data   RO          242    .constdata          N9H26_SYS.lib(wb_config.o)
    0x00006ba8   0x00006ba8   0x00000030   Data   RO         1119    Region$$Table       anon$$obj.o


    Execution Region RW_RAM1 (Exec base: 0x00006bd8, Load base: 0x00006bd8, Size: 0x00133488, Max: 0xffffffff, ABSOLUTE, COMPRESSED[0x0001e580])

    Exec Addr    Load Addr    Size         Type   Attr      Idx    E Section Name        Object

    0x00006bd8   COMPRESSED   0x00000008   PAD
    0x00006be0   COMPRESSED   0x0012c020   Data   RW           21    .data               main.o
    0x00132c00   COMPRESSED   0x00000184   Data   RW          189    .data               N9H26_SYS.lib(wb_aic.o)
    0x00132d84   COMPRESSED   0x00000008   Data   RW          224    .data               N9H26_SYS.lib(wb_cache.o)
    0x00132d8c   COMPRESSED   0x00000028   Data   RW          243    .data               N9H26_SYS.lib(wb_config.o)
    0x00132db4   COMPRESSED   0x00000098   Data   RW          263    .data               N9H26_SYS.lib(wb_timer.o)
    0x00132e4c   COMPRESSED   0x00000024   Data   RW          279    .data               N9H26_SYS.lib(wb_uart.o)
    0x00132e70   COMPRESSED   0x0000002d   Data   RW          309    .data               N9H26_VPOST_LCM.lib(n9h26_vpost_sync_lcm.o)
    0x00132e9d   COMPRESSED   0x00000001   Data   RW          391    .data               N9H26_SYS.lib(wb_mmu.o)
    0x00132e9e   COMPRESSED   0x00000002   PAD
    0x00132ea0        -       0x00000280   Zero   RW          262    .bss                N9H26_SYS.lib(wb_timer.o)
    0x00133120        -       0x00000174   Zero   RW          278    .bss                N9H26_SYS.lib(wb_uart.o)
    0x00133294   COMPRESSED   0x00000d6c   PAD
    0x00134000        -       0x00004000   Zero   RW          390    .bss                N9H26_SYS.lib(wb_mmu.o)
    0x00138000        -       0x00002000   Zero   RW          409    .bss                N9H26_SYS.lib(wb_power.o)
    0x0013a000        -       0x00000060   Zero   RW          994    .bss                c_5.l(libspace.o)


    Execution Region ZI (Exec base: 0x0013a060, Load base: 0x00025158, Size: 0x00000000, Max: 0xffffffff, ABSOLUTE)

    **** No section assigned to this execution region ****


==============================================================================

Image component sizes


      Code (inc. data)   RO Data    RW Data    ZI Data      Debug   Object Name

       468         64         24    1228832          0      15980   main.o
        64          4          0          0          0       2825   standalone.o
       172         56          0          0          0        360   wb_init.o

    ----------------------------------------------------------------------
       704        124         72    1228840          0      19165   Object Totals
         0          0         48          0          0          0   (incl. Generated)
         0          0          0          8          0          0   (incl. Padding)

    ----------------------------------------------------------------------

      Code (inc. data)   RO Data    RW Data    ZI Data      Debug   Library Member Name

      1824         24          0        388          0      10379   wb_aic.o
       748         16          0          8          0       3072   wb_cache.o
      7156        496         32         40          0      11934   wb_config.o
       224         16          0          1      16384       1784   wb_mmu.o
         0          0          0          0       8192        523   wb_power.o
      5272        224          0        152        640       9618   wb_timer.o
      3844         80          0         36        372       6846   wb_uart.o
      1948         76          0          0          0       9629   n9h26_vpost_driver.o
      4540        244          0         45          0      18944   n9h26_vpost_sync_lcm.o
        96          2          0          0          0          0   __dclz77c.o
         8          0          0          0          0         68   __main.o
         0          0          0          0          0          0   __rtentry.o
        44          4          0          0          0          0   __rtentry2.o
         8          0          0          0          0          0   __rtentry4.o
        60          8          0          0          0          0   __scatter.o
        40          0          0          0          0          0   __scatter_copy.o
        44          0          0          0          0          0   __scatter_zi.o
       416          0          0          0          0        144   aeabi_sdiv.o
        16          0          0          0          0         68   exit.o
         2          0          0          0          0          0   libinit.o
         2          0          0          0          0          0   libinit2.o
         2          0          0          0          0          0   libshutdown.o
         2          0          0          0          0          0   libshutdown2.o
        12          4          0          0         96         68   libspace.o
       212          0          0          0          0         68   rt_memcpy.o
       100          0          0          0          0         80   rt_memcpy_w.o
         4          0          0          0          0          0   rtexit.o
        12          0          0          0          0          0   rtexit2.o
        68          6          0          0          0         72   strlen.o
        96          0          0          0          0         80   sys_stackheap_outer.o

    ----------------------------------------------------------------------
     26800       1200         32        672      29120      73377   Library Totals
         0          0          0          2       3436          0   (incl. Padding)

    ----------------------------------------------------------------------

      Code (inc. data)   RO Data    RW Data    ZI Data      Debug   Library Name

     19068        856         32        625      25588      44156   N9H26_SYS.lib
      6488        320          0         45          0      28573   N9H26_VPOST_LCM.lib
      1244         24          0          0         96        648   c_5.l

    ----------------------------------------------------------------------
     26800       1200         32        672      29120      73377   Library Totals

    ----------------------------------------------------------------------

==============================================================================


      Code (inc. data)   RO Data    RW Data    ZI Data      Debug   

     27504       1324        104    1229512      29120      90170   Grand Totals
     27504       1324        104     124288      29120      90170   ELF Image Totals (compressed)
     27504       1324        104     124288          0          0   ROM Totals

==============================================================================

    Total RO  Size (Code + RO Data)                27608 (  26.96kB)
    Total RW  Size (RW Data + ZI Data)           1258632 (1229.13kB)
    Total ROM Size (Code + RO Data + RW Data)     151896 ( 148.34kB)

==============================================================================

