<html>
<body>
<pre>
<h1>µVision Build Log</h1>
<h2>Tool Versions:</h2>
IDE-Version: •ÏVision V5.27.1.0
Copyright (C) 2019 ARM Ltd and ARM Germany GmbH. All rights reserved.
License Information: K K, K, LIC=GMZI6-D7VYF-NNCAF-64RXZ-D2AW9-0ALG2
 
Tool Versions:
Toolchain:       MDK-ARM Plus  Version: 5.36.0.0
Toolchain Path:  C:\Keil_v5\ARM\ARMCC\Bin
C Compiler:      Armcc.exe V5.06 update 7 (build 960)
Assembler:       Armasm.exe V5.06 update 7 (build 960)
Linker/Locator:  ArmLink.exe V5.06 update 7 (build 960)
Library Manager: ArmAr.exe V5.06 update 7 (build 960)
Hex Converter:   FromElf.exe V5.06 update 7 (build 960)
CPU DLL:         SARM.DLL V5.36.0.0
Dialog DLL:      DARMATS9.DLL V1.22.0.4
Target DLL:      Segger\JLTAgdi.dll V1.61.0.0
Dialog DLL:      TARMATS9.DLL V1.21.0.0
 
<h2>Project:</h2>
E:\1024x600_TFT_LCD_N9H26K5\SampleCode\VPOST\KEIL\VPOST_N9H26_LCM.uvproj
Project File Date:  05/16/2023

<h2>Output:</h2>
*** Using Compiler 'V5.06 update 7 (build 960)', folder: 'C:\Keil_v5\ARM\ARMCC\Bin'
Build target 'N9H26K6_LCM'
linking...
Program Size: Code=27504 RO-data=104 RW-data=1229512 ZI-data=29120  
After Build - User command #1: fromelf.exe --bin --output "E:\1024x600_TFT_LCD_N9H26K5\SampleCode\VPOST\KEIL\VPOST_Data\DebugRel\VPOST.bin" "E:\1024x600_TFT_LCD_N9H26K5\SampleCode\VPOST\KEIL\VPOST_Data\DebugRel\VPOST.axf"
".\VPOST_Data\DebugRel\VPOST.axf" - 0 Error(s), 0 Warning(s).
Build Time Elapsed:  00:00:02
</pre>
</body>
</html>
